Archive member included to satisfy reference by file (symbol)

/usr/lib/gcc/arm-none-eabi/12.2.1/../../../arm-none-eabi/lib/thumb/v7-m/nofp/libc.a(lib_a-strlen-stub.o)
                              main.vo (strlen)
/usr/lib/gcc/arm-none-eabi/12.2.1/thumb/v7-m/nofp/libgcc.a(_arm_mulsf3.o)
                              car.vo (__aeabi_fmul)
/usr/lib/gcc/arm-none-eabi/12.2.1/thumb/v7-m/nofp/libgcc.a(_arm_addsubsf3.o)
                              car.vo (__aeabi_fadd)
/usr/lib/gcc/arm-none-eabi/12.2.1/thumb/v7-m/nofp/libgcc.a(_arm_muldivsf3.o)
                              car.vo (__aeabi_fdiv)
/usr/lib/gcc/arm-none-eabi/12.2.1/thumb/v7-m/nofp/libgcc.a(_arm_fixunssfsi.o)
                              car.vo (__aeabi_f2uiz)

Discarded input sections

 .group         0x00000000        0xc main.vo
 .group         0x00000000        0xc main.vo
 .group         0x00000000        0xc main.vo
 .group         0x00000000        0xc main.vo
 .group         0x00000000        0xc main.vo
 .group         0x00000000        0xc main.vo
 .group         0x00000000        0xc main.vo
 .group         0x00000000        0xc main.vo
 .group         0x00000000        0xc main.vo
 .group         0x00000000        0xc main.vo
 .group         0x00000000        0xc main.vo
 .group         0x00000000        0xc main.vo
 .group         0x00000000        0xc main.vo
 .group         0x00000000        0xc main.vo
 .group         0x00000000        0xc main.vo
 .group         0x00000000        0xc main.vo
 .group         0x00000000        0xc main.vo
 .group         0x00000000        0xc main.vo
 .group         0x00000000        0xc main.vo
 .group         0x00000000        0xc main.vo
 .group         0x00000000        0xc main.vo
 .group         0x00000000        0xc main.vo
 .group         0x00000000        0xc main.vo
 .group         0x00000000        0xc main.vo
 .group         0x00000000        0xc main.vo
 .group         0x00000000        0xc main.vo
 .text          0x00000000        0x0 main.vo
 .data          0x00000000        0x0 main.vo
 .bss           0x00000000        0x0 main.vo
 .group         0x00000000        0xc canbox.vo
 .group         0x00000000        0xc canbox.vo
 .group         0x00000000        0xc canbox.vo
 .group         0x00000000        0xc canbox.vo
 .group         0x00000000        0xc canbox.vo
 .group         0x00000000        0xc canbox.vo
 .group         0x00000000        0xc canbox.vo
 .group         0x00000000        0xc canbox.vo
 .group         0x00000000        0xc canbox.vo
 .group         0x00000000        0xc canbox.vo
 .group         0x00000000        0xc canbox.vo
 .group         0x00000000        0xc canbox.vo
 .group         0x00000000        0xc canbox.vo
 .group         0x00000000        0xc canbox.vo
 .group         0x00000000        0xc canbox.vo
 .group         0x00000000        0xc canbox.vo
 .group         0x00000000        0xc canbox.vo
 .group         0x00000000        0xc canbox.vo
 .group         0x00000000        0xc canbox.vo
 .group         0x00000000        0xc canbox.vo
 .group         0x00000000        0xc canbox.vo
 .group         0x00000000        0xc canbox.vo
 .group         0x00000000        0xc canbox.vo
 .group         0x00000000        0xc canbox.vo
 .group         0x00000000        0xc canbox.vo
 .group         0x00000000        0xc canbox.vo
 .group         0x00000000        0xc canbox.vo
 .text          0x00000000        0x0 canbox.vo
 .data          0x00000000        0x0 canbox.vo
 .bss           0x00000000        0x0 canbox.vo
 .text.snd_canbox_msg.constprop.0
                0x00000000       0x3e canbox.vo
 .text.canbox_inc_volume
                0x00000000       0x38 canbox.vo
 .text.canbox_dec_volume
                0x00000000       0x38 canbox.vo
 .text.canbox_prev
                0x00000000       0x4c canbox.vo
 .text.canbox_next
                0x00000000       0x4c canbox.vo
 .text.canbox_mode
                0x00000000       0x38 canbox.vo
 .text.canbox_cont
                0x00000000       0x38 canbox.vo
 .text.canbox_mici
                0x00000000       0x38 canbox.vo
 .text.canbox_cmd_process
                0x00000000       0xcc canbox.vo
 .rodata        0x00000000        0xe canbox.vo
 .bss.rx_buffer
                0x00000000       0x20 canbox.vo
 .bss.rx_idx    0x00000000        0x1 canbox.vo
 .bss.rx_state  0x00000000        0x1 canbox.vo
 .debug_info    0x00000000     0x1068 canbox.vo
 .debug_abbrev  0x00000000      0x3a0 canbox.vo
 .debug_loc     0x00000000      0x1e5 canbox.vo
 .debug_aranges
                0x00000000       0x60 canbox.vo
 .debug_ranges  0x00000000       0xc0 canbox.vo
 .debug_macro   0x00000000      0x18b canbox.vo
 .debug_macro   0x00000000      0xa8a canbox.vo
 .debug_macro   0x00000000       0x22 canbox.vo
 .debug_macro   0x00000000       0x52 canbox.vo
 .debug_macro   0x00000000       0x18 canbox.vo
 .debug_macro   0x00000000       0x94 canbox.vo
 .debug_macro   0x00000000       0x35 canbox.vo
[...]
Memory Configuration

Name             Origin             Length             Attributes
rom              0x08000000         0x00008000         xr
ram              0x20000000         0x00002800         xrw
*default*        0x00000000         0xffffffff

Linker script and memory map

LOAD main.vo
LOAD canbox.vo
LOAD ring.vo
LOAD conf.vo
LOAD car.vo
LOAD tick.vo
LOAD hw.vo
LOAD sbrk.vo
LOAD audi_stm32feb/fw/hw_clock.vo
LOAD audi_stm32feb/fw/hw_can.vo
LOAD audi_stm32feb/fw/hw_gpio.vo
LOAD audi_stm32feb/fw/hw_tick.vo
LOAD audi_stm32feb/fw/hw_usart.vo
LOAD audi_stm32feb/fw/hw_sleep.vo
LOAD libopencm3/lib/stm32/f1/gpio.stm32f1
LOAD libopencm3/lib/stm32/f1/rcc.stm32f1
LOAD libopencm3/lib/stm32/f1/pwr.stm32f1
LOAD libopencm3/lib/stm32/f1/flash.stm32f1
LOAD libopencm3/lib/stm32/common/gpio_common_all.stm32f1
LOAD libopencm3/lib/stm32/common/usart_common_all.stm32f1
LOAD libopencm3/lib/stm32/common/usart_common_f124.stm32f1
LOAD libopencm3/lib/stm32/common/rcc_common_all.stm32f1
LOAD libopencm3/lib/stm32/common/pwr_common_all.stm32f1
LOAD libopencm3/lib/cm3/vector.stm32f1
LOAD libopencm3/lib/cm3/systick.stm32f1
LOAD libopencm3/lib/cm3/nvic.stm32f1
LOAD libopencm3/lib/cm3/sync.stm32f1
LOAD libopencm3/lib/stm32/common/flash_common_f01.stm32f1
LOAD libopencm3/lib/stm32/can.stm32f1
LOAD libopencm3/lib/stm32/common/iwdg_common_all.stm32f1
LOAD libopencm3/lib/stm32/common/exti_common_all.stm32f1
LOAD /usr/lib/gcc/arm-none-eabi/12.2.1/../../../arm-none-eabi/lib/thumb/v7-m/nofp/libc.a
LOAD /usr/lib/gcc/arm-none-eabi/12.2.1/../../../arm-none-eabi/lib/thumb/v7-m/nofp/libm.a
START GROUP
LOAD /usr/lib/gcc/arm-none-eabi/12.2.1/thumb/v7-m/nofp/libgcc.a
LOAD /usr/lib/gcc/arm-none-eabi/12.2.1/../../../arm-none-eabi/lib/thumb/v7-m/nofp/libc.a
END GROUP
START GROUP
LOAD /usr/lib/gcc/arm-none-eabi/12.2.1/thumb/v7-m/nofp/libgcc.a
LOAD /usr/lib/gcc/arm-none-eabi/12.2.1/../../../arm-none-eabi/lib/thumb/v7-m/nofp/libc.a
LOAD /usr/lib/gcc/arm-none-eabi/12.2.1/../../../arm-none-eabi/lib/thumb/v7-m/nofp/libnosys.a
END GROUP

.text           0x08000000     0x1e6c
 *(.vectors)
 .vectors       0x08000000      0x150 libopencm3/lib/cm3/vector.stm32f1
                0x08000000                vector_table
 *(.text*)
 .text.clr_rscreen
                0x08000150       0x3c main.vo
 .text.print_line
                0x0800018c       0x1e main.vo
 *fill*         0x080001aa        0x2 
 .text.clr_screen
                0x080001ac       0x3c main.vo
 .text.print_sniffer
                0x080001e8       0xb8 main.vo
                0x080001e8                print_sniffer
 .text.print_debug
                0x080002a0      0x108 main.vo
                0x080002a0                print_debug
 .text.startup.main
                0x080003a8      0x2c8 main.vo
                0x080003a8                main
 .text.ring_init
                0x08000670        0xe ring.vo
                0x08000670                ring_init
 .text.ring_write_ch
                0x0800067e       0x3e ring.vo
                0x0800067e                ring_write_ch
 .text.ring_write
                0x080006bc       0x24 ring.vo
                0x080006bc                ring_write
 .text.ring_read_ch
                0x080006e0       0x2c ring.vo
                0x080006e0                ring_read_ch
 .text.conf_write
                0x0800070c        0x2 conf.vo
                0x0800070c                conf_write
 .text.conf_read
                0x0800070e        0x2 conf.vo
                0x0800070e                conf_read
 .text.conf_get_car
                0x08000710        0x4 conf.vo
                0x08000710                conf_get_car
 .text.conf_set_car
                0x08000714       0x10 conf.vo
                0x08000714                conf_set_car
 .text.conf_get_illum
                0x08000724        0xc conf.vo
                0x08000724                conf_get_illum
 .text.conf_set_illum
                0x08000730       0x10 conf.vo
                0x08000730                conf_set_illum
 .text.conf_get_rear_delay
                0x08000740        0xc conf.vo
                0x08000740                conf_get_rear_delay
 .text.conf_set_rear_delay
                0x0800074c       0x10 conf.vo
                0x0800074c                conf_set_rear_delay
 .text.conf_get_canbox
                0x0800075c        0xc conf.vo
                0x0800075c                conf_get_canbox
 .text.conf_set_canbox
                0x08000768       0x10 conf.vo
                0x08000768                conf_set_canbox
 .text.in_process
                0x08000778       0xa2 car.vo
 .text.is_timeout
                0x0800081a       0x12 car.vo
                0x0800081a                is_timeout
 .text.anymsg_handler
                0x0800082c       0x1c car.vo
 .text.q3_2015_ms_635_handler
                0x08000848       0x40 car.vo
 .text.q3_2015_ms_2c3_handler
                0x08000888       0x2c car.vo
 .text.car_get_next_car
                0x080008b4       0x14 car.vo
                0x080008b4                car_get_next_car
 .text.car_init
                0x080008c8       0x34 car.vo
                0x080008c8                car_init
 .text.car_get_car
                0x080008fc        0xc car.vo
                0x080008fc                car_get_car
 .text.car_process
                0x08000908       0x44 car.vo
                0x08000908                car_process
 .text.car_get_acc
                0x0800094c       0x10 car.vo
                0x0800094c                car_get_acc
 .text.car_get_ign
                0x0800095c       0x10 car.vo
                0x0800095c                car_get_ign
 .text.car_get_illum
                0x0800096c       0x10 car.vo
                0x0800096c                car_get_illum
 .text.hw_systick_callback
                0x0800097c       0x90 tick.vo
                0x0800097c                hw_systick_callback
 .text.hw_setup
                0x08000a0c       0x44 hw.vo
                0x08000a0c                hw_setup
 .text.hw_sleep
                0x08000a50       0x26 hw.vo
                0x08000a50                hw_sleep
 .text.hw_clock_setup
                0x08000a76       0x12 audi_stm32feb/fw/hw_clock.vo
                0x08000a76                hw_clock_setup
 .text.hw_can_get_mscan
                0x08000a88        0x8 audi_stm32feb/fw/hw_can.vo
                0x08000a88                hw_can_get_mscan
 .text.hw_can_set_speed
                0x08000a90       0x7c audi_stm32feb/fw/hw_can.vo
                0x08000a90                hw_can_set_speed
 .text.hw_can_setup
                0x08000b0c       0x60 audi_stm32feb/fw/hw_can.vo
                0x08000b0c                hw_can_setup
 .text.hw_can_disable
                0x08000b6c       0x48 audi_stm32feb/fw/hw_can.vo
                0x08000b6c                hw_can_disable
 .text.hw_can_get_msg_nums
                0x08000bb4        0x6 audi_stm32feb/fw/hw_can.vo
                0x08000bb4                hw_can_get_msg_nums
 .text.hw_can_get_pack_nums
                0x08000bba        0x4 audi_stm32feb/fw/hw_can.vo
                0x08000bba                hw_can_get_pack_nums
 .text.hw_can_get_msg
                0x08000bbe       0x2c audi_stm32feb/fw/hw_can.vo
                0x08000bbe                hw_can_get_msg
 *fill*         0x08000bea        0x2 
 .text.usb_lp_can_rx0_isr
                0x08000bec       0xf4 audi_stm32feb/fw/hw_can.vo
                0x08000bec                usb_lp_can_rx0_isr
 .text.hw_can_clr
                0x08000ce0        0xa audi_stm32feb/fw/hw_can.vo
                0x08000ce0                hw_can_clr
 .text.hw_can_sleep
                0x08000cea       0x4e audi_stm32feb/fw/hw_can.vo
                0x08000cea                hw_can_sleep
 .text.exti15_10_isr
                0x08000d38        0x8 audi_stm32feb/fw/hw_can.vo
                0x08000d38                exti15_10_isr
 .text.hw_gpio_set
                0x08000d40        0x8 audi_stm32feb/fw/hw_gpio.vo
                0x08000d40                hw_gpio_set
 .text.hw_gpio_clr
                0x08000d48        0x8 audi_stm32feb/fw/hw_gpio.vo
                0x08000d48                hw_gpio_clr
 .text.hw_gpio_set_float
                0x08000d50        0xc audi_stm32feb/fw/hw_gpio.vo
                0x08000d50                hw_gpio_set_float
 .text.hw_gpio_setup
                0x08000d5c       0x68 audi_stm32feb/fw/hw_gpio.vo
                0x08000d5c                hw_gpio_setup
 .text.hw_gpio_disable
                0x08000dc4       0x24 audi_stm32feb/fw/hw_gpio.vo
                0x08000dc4                hw_gpio_disable
 .text.hw_gpio_acc_on
                0x08000de8        0xc audi_stm32feb/fw/hw_gpio.vo
                0x08000de8                hw_gpio_acc_on
 .text.hw_gpio_acc_off
                0x08000df4        0xc audi_stm32feb/fw/hw_gpio.vo
                0x08000df4                hw_gpio_acc_off
 .text.hw_gpio_ill_on
                0x08000e00        0xc audi_stm32feb/fw/hw_gpio.vo
                0x08000e00                hw_gpio_ill_on
 .text.hw_gpio_ill_off
                0x08000e0c        0xc audi_stm32feb/fw/hw_gpio.vo
                0x08000e0c                hw_gpio_ill_off
 .text.hw_systick_disable
                0x08000e18        0xe audi_stm32feb/fw/hw_tick.vo
                0x08000e18                hw_systick_disable
 *fill*         0x08000e26        0x2 
 .text.hw_systick_setup
                0x08000e28       0x28 audi_stm32feb/fw/hw_tick.vo
                0x08000e28                hw_systick_setup
 .text.sys_tick_handler
                0x08000e50        0x4 audi_stm32feb/fw/hw_tick.vo
                0x08000e50                sys_tick_handler
 .text.hw_usart_get
                0x08000e54        0x8 audi_stm32feb/fw/hw_usart.vo
                0x08000e54                hw_usart_get
 .text.hw_usart_setup
                0x08000e5c       0x96 audi_stm32feb/fw/hw_usart.vo
                0x08000e5c                hw_usart_setup
 *fill*         0x08000ef2        0x2 
 .text.usart_isr
                0x08000ef4       0x74 audi_stm32feb/fw/hw_usart.vo
                0x08000ef4                usart_isr
 .text.usart1_isr
                0x08000f68        0xc audi_stm32feb/fw/hw_usart.vo
                0x08000f68                usart1_isr
 .text.hw_usart_write
                0x08000f74       0x18 audi_stm32feb/fw/hw_usart.vo
                0x08000f74                hw_usart_write
 .text.hw_usart_disable
                0x08000f8c       0x20 audi_stm32feb/fw/hw_usart.vo
                0x08000f8c                hw_usart_disable
 .text.hw_usart_read_ch
                0x08000fac        0x6 audi_stm32feb/fw/hw_usart.vo
                0x08000fac                hw_usart_read_ch
 *fill*         0x08000fb2        0x2 
 .text.hw_cpu_sleep
                0x08000fb4       0x40 audi_stm32feb/fw/hw_sleep.vo
                0x08000fb4                hw_cpu_sleep
 .text.gpio_set_mode
                0x08000ff4       0x5e libopencm3/lib/stm32/f1/gpio.stm32f1
                0x08000ff4                gpio_set_mode
 *fill*         0x08001052        0x2 
 .text.rcc_osc_on.part.0
                0x08001054       0x10 libopencm3/lib/stm32/f1/rcc.stm32f1
 .text.rcc_wait_for_osc_ready
                0x08001064       0x64 libopencm3/lib/stm32/f1/rcc.stm32f1
                0x08001064                rcc_wait_for_osc_ready
 .text.rcc_osc_on
                0x080010c8       0x54 libopencm3/lib/stm32/f1/rcc.stm32f1
                0x080010c8                rcc_osc_on
 .text.rcc_set_sysclk_source
                0x0800111c       0x14 libopencm3/lib/stm32/f1/rcc.stm32f1
                0x0800111c                rcc_set_sysclk_source
 .text.rcc_set_pll_multiplication_factor
                0x08001130       0x14 libopencm3/lib/stm32/f1/rcc.stm32f1
                0x08001130                rcc_set_pll_multiplication_factor
 .text.rcc_set_pll_source
                0x08001144       0x14 libopencm3/lib/stm32/f1/rcc.stm32f1
                0x08001144                rcc_set_pll_source
 .text.rcc_set_pllxtpre
                0x08001158       0x14 libopencm3/lib/stm32/f1/rcc.stm32f1
                0x08001158                rcc_set_pllxtpre
 .text.rcc_set_adcpre
                0x0800116c       0x14 libopencm3/lib/stm32/f1/rcc.stm32f1
                0x0800116c                rcc_set_adcpre
 .text.rcc_set_ppre2
                0x08001180       0x14 libopencm3/lib/stm32/f1/rcc.stm32f1
                0x08001180                rcc_set_ppre2
 .text.rcc_set_ppre1
                0x08001194       0x14 libopencm3/lib/stm32/f1/rcc.stm32f1
                0x08001194                rcc_set_ppre1
 .text.rcc_set_hpre
                0x080011a8       0x14 libopencm3/lib/stm32/f1/rcc.stm32f1
                0x080011a8                rcc_set_hpre
 .text.rcc_clock_setup_in_hse_8mhz_out_72mhz
                0x080011bc       0x8c libopencm3/lib/stm32/f1/rcc.stm32f1
                0x080011bc                rcc_clock_setup_in_hse_8mhz_out_72mhz
 .text.gpio_set
                0x08001248        0x4 libopencm3/lib/stm32/common/gpio_common_all.stm32f1
                0x08001248                gpio_set
 .text.gpio_clear
                0x0800124c        0x6 libopencm3/lib/stm32/common/gpio_common_all.stm32f1
                0x0800124c                gpio_clear
 *fill*         0x08001252        0x2 
 .text.usart_set_baudrate
                0x08001254       0x28 libopencm3/lib/stm32/common/usart_common_all.stm32f1
                0x08001254                usart_set_baudrate
 .text.usart_set_databits
                0x0800127c       0x12 libopencm3/lib/stm32/common/usart_common_all.stm32f1
                0x0800127c                usart_set_databits
 .text.usart_set_stopbits
                0x0800128e        0xc libopencm3/lib/stm32/common/usart_common_all.stm32f1
                0x0800128e                usart_set_stopbits
 .text.usart_set_parity
                0x0800129a        0xc libopencm3/lib/stm32/common/usart_common_all.stm32f1
                0x0800129a                usart_set_parity
 .text.usart_set_mode
                0x080012a6        0xc libopencm3/lib/stm32/common/usart_common_all.stm32f1
                0x080012a6                usart_set_mode
 .text.usart_set_flow_control
                0x080012b2        0xc libopencm3/lib/stm32/common/usart_common_all.stm32f1
                0x080012b2                usart_set_flow_control
 .text.usart_enable
                0x080012be        0xa libopencm3/lib/stm32/common/usart_common_all.stm32f1
                0x080012be                usart_enable
 .text.usart_disable
                0x080012c8        0xa libopencm3/lib/stm32/common/usart_common_all.stm32f1
                0x080012c8                usart_disable
 .text.usart_send
                0x080012d2        0x8 libopencm3/lib/stm32/common/usart_common_f124.stm32f1
                0x080012d2                usart_send
 .text.usart_recv
                0x080012da        0x8 libopencm3/lib/stm32/common/usart_common_f124.stm32f1
                0x080012da                usart_recv
 .text.rcc_peripheral_reset
                0x080012e2        0x8 libopencm3/lib/stm32/common/rcc_common_all.stm32f1
                0x080012e2                rcc_peripheral_reset
 .text.rcc_peripheral_clear_reset
                0x080012ea        0xa libopencm3/lib/stm32/common/rcc_common_all.stm32f1
                0x080012ea                rcc_peripheral_clear_reset
 .text.rcc_periph_clock_enable
                0x080012f4       0x1a libopencm3/lib/stm32/common/rcc_common_all.stm32f1
                0x080012f4                rcc_periph_clock_enable
 .text.rcc_periph_clock_disable
                0x0800130e       0x1e libopencm3/lib/stm32/common/rcc_common_all.stm32f1
                0x0800130e                rcc_periph_clock_disable
 .text.pwr_clear_wakeup_flag
                0x0800132c       0x10 libopencm3/lib/stm32/common/pwr_common_all.stm32f1
                0x0800132c                pwr_clear_wakeup_flag
 .text.pwr_set_stop_mode
                0x0800133c       0x10 libopencm3/lib/stm32/common/pwr_common_all.stm32f1
                0x0800133c                pwr_set_stop_mode
 .text.pwr_voltage_regulator_low_power_in_stop
                0x0800134c       0x10 libopencm3/lib/stm32/common/pwr_common_all.stm32f1
                0x0800134c                pwr_voltage_regulator_low_power_in_stop
 .text.blocking_handler
                0x0800135c        0x2 libopencm3/lib/cm3/vector.stm32f1
                0x0800135c                usart3_isr
                0x0800135c                rtc_isr
                0x0800135c                tim7_isr
                0x0800135c                adc1_2_isr
                0x0800135c                tim1_trg_com_isr
                0x0800135c                usb_hp_can_tx_isr
                0x0800135c                tim6_isr
                0x0800135c                usb_wakeup_isr
                0x0800135c                blocking_handler
                0x0800135c                tim5_isr
                0x0800135c                otg_fs_isr
                0x0800135c                spi1_isr
                0x0800135c                exti2_isr
                0x0800135c                dma1_channel6_isr
                0x0800135c                can_rx1_isr
                0x0800135c                dma1_channel5_isr
                0x0800135c                dma2_channel5_isr
                0x0800135c                usage_fault_handler
                0x0800135c                tim8_trg_com_isr
                0x0800135c                can2_rx0_isr
                0x0800135c                tim1_brk_isr
                0x0800135c                can2_rx1_isr
                0x0800135c                tim1_cc_isr
                0x0800135c                sdio_isr
                0x0800135c                eth_isr
                0x0800135c                dma1_channel4_isr
                0x0800135c                tim8_brk_isr
                0x0800135c                dma2_channel4_5_isr
                0x0800135c                pvd_isr
                0x0800135c                rcc_isr
                0x0800135c                flash_isr
                0x0800135c                uart4_isr
                0x0800135c                rtc_alarm_isr
                0x0800135c                hard_fault_handler
                0x0800135c                exti1_isr
                0x0800135c                i2c1_ev_isr
                0x0800135c                dma2_channel1_isr
                0x0800135c                spi2_isr
                0x0800135c                tim8_up_isr
                0x0800135c                dma2_channel2_isr
                0x0800135c                exti3_isr
                0x0800135c                adc3_isr
                0x0800135c                tim3_isr
                0x0800135c                usart2_isr
                0x0800135c                i2c2_er_isr
                0x0800135c                i2c2_ev_isr
                0x0800135c                uart5_isr
                0x0800135c                fsmc_isr
                0x0800135c                dma1_channel1_isr
                0x0800135c                exti4_isr
                0x0800135c                mem_manage_handler
                0x0800135c                can2_tx_isr
                0x0800135c                exti9_5_isr
                0x0800135c                dma2_channel3_isr
                0x0800135c                dma1_channel7_isr
                0x0800135c                tim1_up_isr
                0x0800135c                can2_sce_isr
                0x0800135c                tim4_isr
                0x0800135c                dma1_channel2_isr
                0x0800135c                i2c1_er_isr
                0x0800135c                can_sce_isr
                0x0800135c                tim8_cc_isr
                0x0800135c                tamper_isr
                0x0800135c                eth_wkup_isr
                0x0800135c                bus_fault_handler
                0x0800135c                wwdg_isr
                0x0800135c                dma1_channel3_isr
                0x0800135c                spi3_isr
                0x0800135c                tim2_isr
                0x0800135c                exti0_isr
 .text.null_handler
                0x0800135e        0x2 libopencm3/lib/cm3/vector.stm32f1
                0x0800135e                null_handler
                0x0800135e                sv_call_handler
                0x0800135e                pend_sv_handler
                0x0800135e                debug_monitor_handler
                0x0800135e                nmi_handler
 .text.reset_handler
                0x08001360       0x8c libopencm3/lib/cm3/vector.stm32f1
                0x08001360                reset_handler
 .text.systick_set_reload
                0x080013ec       0x10 libopencm3/lib/cm3/systick.stm32f1
                0x080013ec                systick_set_reload
 .text.systick_set_clocksource
                0x080013fc       0x18 libopencm3/lib/cm3/systick.stm32f1
                0x080013fc                systick_set_clocksource
 .text.systick_interrupt_enable
                0x08001414       0x10 libopencm3/lib/cm3/systick.stm32f1
                0x08001414                systick_interrupt_enable
 .text.systick_interrupt_disable
                0x08001424       0x10 libopencm3/lib/cm3/systick.stm32f1
                0x08001424                systick_interrupt_disable
 .text.systick_counter_enable
                0x08001434       0x10 libopencm3/lib/cm3/systick.stm32f1
                0x08001434                systick_counter_enable
 .text.systick_counter_disable
                0x08001444       0x10 libopencm3/lib/cm3/systick.stm32f1
                0x08001444                systick_counter_disable
 .text.nvic_enable_irq
                0x08001454       0x1a libopencm3/lib/cm3/nvic.stm32f1
                0x08001454                nvic_enable_irq
 *fill*         0x0800146e        0x2 
 .text.nvic_disable_irq
                0x08001470       0x18 libopencm3/lib/cm3/nvic.stm32f1
                0x08001470                nvic_disable_irq
 .text.nvic_set_priority
                0x08001488       0x20 libopencm3/lib/cm3/nvic.stm32f1
                0x08001488                nvic_set_priority
 .text.flash_set_ws
                0x080014a8       0x14 libopencm3/lib/stm32/common/flash_common_f01.stm32f1
                0x080014a8                flash_set_ws
 .text.can_reset
                0x080014bc       0x38 libopencm3/lib/stm32/can.stm32f1
                0x080014bc                can_reset
 .text.can_init
                0x080014f4      0x12a libopencm3/lib/stm32/can.stm32f1
                0x080014f4                can_init
 .text.can_filter_init
                0x0800161e       0x8e libopencm3/lib/stm32/can.stm32f1
                0x0800161e                can_filter_init
 .text.can_filter_id_mask_32bit_init
                0x080016ac       0x1c libopencm3/lib/stm32/can.stm32f1
                0x080016ac                can_filter_id_mask_32bit_init
 .text.can_enable_irq
                0x080016c8        0x8 libopencm3/lib/stm32/can.stm32f1
                0x080016c8                can_enable_irq
 .text.can_disable_irq
                0x080016d0        0xa libopencm3/lib/stm32/can.stm32f1
                0x080016d0                can_disable_irq
 .text.can_fifo_release
                0x080016da       0x16 libopencm3/lib/stm32/can.stm32f1
                0x080016da                can_fifo_release
 .text.can_receive
                0x080016f0       0xa0 libopencm3/lib/stm32/can.stm32f1
                0x080016f0                can_receive
 .text.exti_set_trigger
                0x08001790       0x3c libopencm3/lib/stm32/common/exti_common_all.stm32f1
                0x08001790                exti_set_trigger
 .text.exti_enable_request
                0x080017cc       0x1c libopencm3/lib/stm32/common/exti_common_all.stm32f1
                0x080017cc                exti_enable_request
 .text.exti_disable_request
                0x080017e8       0x1c libopencm3/lib/stm32/common/exti_common_all.stm32f1
                0x080017e8                exti_disable_request
 .text.exti_reset_request
                0x08001804        0xc libopencm3/lib/stm32/common/exti_common_all.stm32f1
                0x08001804                exti_reset_request
 .text.exti_select_source
                0x08001810       0xa0 libopencm3/lib/stm32/common/exti_common_all.stm32f1
                0x08001810                exti_select_source
 .text          0x080018b0       0x5c /usr/lib/gcc/arm-none-eabi/12.2.1/../../../arm-none-eabi/lib/thumb/v7-m/nofp/libc.a(lib_a-strlen-stub.o)
                0x080018b0                strlen
 .text          0x0800190c      0x21c /usr/lib/gcc/arm-none-eabi/12.2.1/thumb/v7-m/nofp/libgcc.a(_arm_addsubsf3.o)
                0x0800190c                __aeabi_frsub
                0x08001914                __subsf3
                0x08001914                __aeabi_fsub
                0x08001918                __aeabi_fadd
                0x08001918                __addsf3
                0x08001a78                __aeabi_ui2f
                0x08001a78                __floatunsisf
                0x08001a80                __aeabi_i2f
                0x08001a80                __floatsisf
                0x08001a9c                __floatundisf
                0x08001a9c                __aeabi_ul2f
                0x08001aac                __floatdisf
                0x08001aac                __aeabi_l2f
 .text          0x08001b28      0x2a0 /usr/lib/gcc/arm-none-eabi/12.2.1/thumb/v7-m/nofp/libgcc.a(_arm_muldivsf3.o)
                0x08001b28                __mulsf3
                0x08001b28                __aeabi_fmul
                0x08001c90                __divsf3
                0x08001c90                __aeabi_fdiv
 .text          0x08001dc8       0x40 /usr/lib/gcc/arm-none-eabi/12.2.1/thumb/v7-m/nofp/libgcc.a(_arm_fixunssfsi.o)
                0x08001dc8                __aeabi_f2uiz
                0x08001dc8                __fixunssfsi
                0x08001e08                        . = ALIGN (0x4)
 *(.rodata*)
 .rodata.clr_rscreen.str1.1
                0x08001e08        0x5 main.vo
 .rodata.clr_screen.str1.1
                0x08001e0d        0x5 main.vo
 .rodata.main.str1.1
                0x08001e12        0x7 main.vo
 *fill*         0x08001e19        0x3 
 .rodata.speeds
                0x08001e1c       0x50 audi_stm32feb/fw/hw_can.vo
                0x08001e6c                        . = ALIGN (0x4)

.glue_7         0x08001e6c        0x0
 .glue_7        0x08001e6c        0x0 linker stubs

.glue_7t        0x08001e6c        0x0
 .glue_7t       0x08001e6c        0x0 linker stubs

.vfp11_veneer   0x08001e6c        0x0
 .vfp11_veneer  0x08001e6c        0x0 linker stubs

.v4_bx          0x08001e6c        0x0
 .v4_bx         0x08001e6c        0x0 linker stubs

.iplt           0x08001e6c        0x0
 .iplt          0x08001e6c        0x0 main.vo

.rel.dyn        0x08001e6c        0x0
 .rel.iplt      0x08001e6c        0x0 main.vo

.preinit_array  0x08001e6c        0x0
                0x08001e6c                        . = ALIGN (0x4)
                0x08001e6c                        __preinit_array_start = .
 *(.preinit_array)
                0x08001e6c                        __preinit_array_end = .

.init_array     0x08001e6c        0x0
                0x08001e6c                        . = ALIGN (0x4)
                0x08001e6c                        __init_array_start = .
 *(SORT_BY_NAME(.init_array.*))
 *(.init_array)
                0x08001e6c                        __init_array_end = .

.fini_array     0x08001e6c        0x0
                0x08001e6c                        . = ALIGN (0x4)
                0x08001e6c                        __fini_array_start = .
 *(.fini_array)
 *(SORT_BY_NAME(.fini_array.*))
                0x08001e6c                        __fini_array_end = .

.ARM.extab
 *(.ARM.extab*)

.ARM.exidx      0x08001e6c        0x0
                0x08001e6c                        __exidx_start = .
 *(.ARM.exidx*)
                0x08001e6c                        __exidx_end = .
                0x08001e6c                        . = ALIGN (0x4)
                0x08001e6c                        _etext = .

.data           0x20000000      0x6cc load address 0x08001e6c
                0x20000000                        _data = .
 *(.data*)
 .data.max_show_sniff_num
                0x20000000        0x4 main.vo
                0x20000000                max_show_sniff_num
 .data.conf     0x20000004       0x10 conf.vo
                0x20000004                conf
 .data.a3_2011_ms
                0x20000014       0x20 car.vo
 .data.anymsg_desc
                0x20000034       0x10 car.vo
                0x20000034                anymsg_desc
 .data.carstate
                0x20000044        0x4 car.vo
 .data.q3_2015_ms
                0x20000048       0x20 car.vo
 .data.can1     0x20000068      0x5dc audi_stm32feb/fw/hw_can.vo
 .data.ill      0x20000644        0xc audi_stm32feb/fw/hw_gpio.vo
 .data.acc      0x20000650        0xc audi_stm32feb/fw/hw_gpio.vo
 .data.rear     0x2000065c        0xc audi_stm32feb/fw/hw_gpio.vo
 .data.usart1   0x20000668       0x58 audi_stm32feb/fw/hw_usart.vo
 .data.rcc_ahb_frequency
                0x200006c0        0x4 libopencm3/lib/stm32/f1/rcc.stm32f1
                0x200006c0                rcc_ahb_frequency
 .data.rcc_apb1_frequency
                0x200006c4        0x4 libopencm3/lib/stm32/f1/rcc.stm32f1
                0x200006c4                rcc_apb1_frequency
 .data.rcc_apb2_frequency
                0x200006c8        0x4 libopencm3/lib/stm32/f1/rcc.stm32f1
                0x200006c8                rcc_apb2_frequency
                0x200006cc                        . = ALIGN (0x4)
                0x200006cc                        _edata = .
                0x08001e6c                        _data_loadaddr = LOADADDR (.data)

.igot.plt       0x200006cc        0x0 load address 0x08002538
 .igot.plt      0x200006cc        0x0 main.vo

.bss            0x200006cc      0x274 load address 0x08002538
 *(.bss*)
 .bss.wakeups   0x200006cc        0x4 main.vo
                0x200006cc                wakeups
 .bss.sniffer_on
                0x200006d0        0x1 main.vo
                0x200006d0                sniffer_on
 .bss.msg_idx   0x200006d1        0x1 main.vo
                0x200006d1                msg_idx
 *fill*         0x200006d2        0x2 
 .bss.debug_on_cnt
                0x200006d4        0x4 main.vo
                0x200006d4                debug_on_cnt
 .bss.debug_on  0x200006d8        0x1 main.vo
                0x200006d8                debug_on
 *fill*         0x200006d9        0x3 
 .bss.key_cb    0x200006dc       0x20 main.vo
                0x200006dc                key_cb
 .bss.div_1000ms.4305
                0x200006fc        0x2 tick.vo
 .bss.div_100ms.4307
                0x200006fe        0x2 tick.vo
 .bss.div_250ms.4306
                0x20000700        0x2 tick.vo
 .bss.div_5ms.4308
                0x20000702        0x2 tick.vo
 .bss.timer     0x20000704       0x14 tick.vo
                0x20000704                timer
 .bss.usart_rx_ring_buffer
                0x20000718       0x20 hw.vo
 .bss.usart_tx_ring_buffer
                0x20000738      0x200 hw.vo
 .bss.can_isr_cnt
                0x20000938        0x4 audi_stm32feb/fw/hw_can.vo
                0x20000938                can_isr_cnt
 .bss.usart_isr_cnt
                0x2000093c        0x4 audi_stm32feb/fw/hw_usart.vo
                0x2000093c                usart_isr_cnt
 *(COMMON)
                0x20000940                        . = ALIGN (0x4)
                0x20000940                        _ebss = .

/DISCARD/
 *(.eh_frame)
                0x20000940                        . = ALIGN (0x4)
                0x20000940                        end = .
                0x20002800                        PROVIDE (_stack = (ORIGIN (ram) + LENGTH (ram)))
OUTPUT(audi_stm32feb.elf elf32-littlearm)
LOAD linker stubs

.debug_info     0x00000000     0x83b2
 .debug_info    0x00000000     0x106a main.vo
 .debug_info    0x0000106a      0x269 ring.vo
 .debug_info    0x000012d3      0xb49 conf.vo
 .debug_info    0x00001e1c     0x1159 car.vo
 .debug_info    0x00002f75      0x17d tick.vo
 .debug_info    0x000030f2      0x2b1 hw.vo
 .debug_info    0x000033a3      0xd53 audi_stm32feb/fw/hw_can.vo
 .debug_info    0x000040f6      0x588 audi_stm32feb/fw/hw_gpio.vo
 .debug_info    0x0000467e      0x1e4 libopencm3/lib/stm32/f1/gpio.stm32f1
 .debug_info    0x00004862     0x1254 libopencm3/lib/stm32/f1/rcc.stm32f1
 .debug_info    0x00005ab6      0x24e libopencm3/lib/stm32/common/gpio_common_all.stm32f1
 .debug_info    0x00005d04      0x519 libopencm3/lib/stm32/common/usart_common_all.stm32f1
 .debug_info    0x0000621d      0x1fe libopencm3/lib/stm32/common/usart_common_f124.stm32f1
 .debug_info    0x0000641b      0x5a5 libopencm3/lib/stm32/common/rcc_common_all.stm32f1
 .debug_info    0x000069c0      0x1b6 libopencm3/lib/stm32/common/pwr_common_all.stm32f1
 .debug_info    0x00006b76      0x2c9 libopencm3/lib/cm3/vector.stm32f1
 .debug_info    0x00006e3f      0x268 libopencm3/lib/cm3/systick.stm32f1
 .debug_info    0x000070a7      0x22d libopencm3/lib/cm3/nvic.stm32f1
 .debug_info    0x000072d4      0x28d libopencm3/lib/stm32/common/flash_common_f01.stm32f1
 .debug_info    0x00007561      0xa38 libopencm3/lib/stm32/can.stm32f1
 .debug_info    0x00007f99      0x223 libopencm3/lib/stm32/common/exti_common_all.stm32f1
 .debug_info    0x000081bc       0xbc /usr/lib/gcc/arm-none-eabi/12.2.1/../../../arm-none-eabi/lib/thumb/v7-m/nofp/libc.a(lib_a-strlen-stub.o)
 .debug_info    0x00008278       0xaf /usr/lib/gcc/arm-none-eabi/12.2.1/thumb/v7-m/nofp/libgcc.a(_arm_addsubsf3.o)
 .debug_info    0x00008327       0x52 /usr/lib/gcc/arm-none-eabi/12.2.1/thumb/v7-m/nofp/libgcc.a(_arm_muldivsf3.o)
 .debug_info    0x00008379       0x39 /usr/lib/gcc/arm-none-eabi/12.2.1/thumb/v7-m/nofp/libgcc.a(_arm_fixunssfsi.o)

.debug_abbrev   0x00000000     0x2333
 .debug_abbrev  0x00000000      0x397 main.vo
 .debug_abbrev  0x00000397      0x12c ring.vo
 .debug_abbrev  0x000004c3      0x26f conf.vo
 .debug_abbrev  0x00000732      0x413 car.vo
 .debug_abbrev  0x00000b45       0xc1 tick.vo
 .debug_abbrev  0x00000c06      0x15d hw.vo
 .debug_abbrev  0x00000d63      0x311 audi_stm32feb/fw/hw_can.vo
 .debug_abbrev  0x00001074      0x175 audi_stm32feb/fw/hw_gpio.vo
 .debug_abbrev  0x000011e9       0xd0 libopencm3/lib/stm32/f1/gpio.stm32f1
 .debug_abbrev  0x000012b9      0x2b1 libopencm3/lib/stm32/f1/rcc.stm32f1
 .debug_abbrev  0x0000156a      0x116 libopencm3/lib/stm32/common/gpio_common_all.stm32f1
 .debug_abbrev  0x00001680      0x129 libopencm3/lib/stm32/common/usart_common_all.stm32f1
 .debug_abbrev  0x000017a9       0xdc libopencm3/lib/stm32/common/usart_common_f124.stm32f1
 .debug_abbrev  0x00001885      0x13e libopencm3/lib/stm32/common/rcc_common_all.stm32f1
 .debug_abbrev  0x000019c3       0xa2 libopencm3/lib/stm32/common/pwr_common_all.stm32f1
 .debug_abbrev  0x00001a65      0x149 libopencm3/lib/cm3/vector.stm32f1
 .debug_abbrev  0x00001bae      0x155 libopencm3/lib/cm3/systick.stm32f1
 .debug_abbrev  0x00001d03       0xb5 libopencm3/lib/cm3/nvic.stm32f1
 .debug_abbrev  0x00001db8       0xdf libopencm3/lib/stm32/common/flash_common_f01.stm32f1
 .debug_abbrev  0x00001e97      0x2be libopencm3/lib/stm32/can.stm32f1
 .debug_abbrev  0x00002155      0x102 libopencm3/lib/stm32/common/exti_common_all.stm32f1
 .debug_abbrev  0x00002257       0x79 /usr/lib/gcc/arm-none-eabi/12.2.1/../../../arm-none-eabi/lib/thumb/v7-m/nofp/libc.a(lib_a-strlen-stub.o)
 .debug_abbrev  0x000022d0       0x21 /usr/lib/gcc/arm-none-eabi/12.2.1/thumb/v7-m/nofp/libgcc.a(_arm_addsubsf3.o)
 .debug_abbrev  0x000022f1       0x21 /usr/lib/gcc/arm-none-eabi/12.2.1/thumb/v7-m/nofp/libgcc.a(_arm_muldivsf3.o)
 .debug_abbrev  0x00002312       0x21 /usr/lib/gcc/arm-none-eabi/12.2.1/thumb/v7-m/nofp/libgcc.a(_arm_fixunssfsi.o)

.debug_loclists
                0x00000000      0x4b0
 .debug_loclists
                0x00000000      0x238 main.vo
 .debug_loclists
                0x00000238      0x227 audi_stm32feb/fw/hw_can.vo
 .debug_loclists
                0x0000045f       0x51 audi_stm32feb/fw/hw_gpio.vo

.debug_aranges  0x00000000      0x940
 .debug_aranges
                0x00000000       0x48 main.vo
 .debug_aranges
                0x00000048       0x40 ring.vo
 .debug_aranges
                0x00000088       0x68 conf.vo
 .debug_aranges
                0x000000f0       0x78 car.vo
 .debug_aranges
                0x00000168       0x20 tick.vo
 .debug_aranges
                0x00000188       0x28 hw.vo
 .debug_aranges
                0x000001b0       0x78 audi_stm32feb/fw/hw_can.vo
 .debug_aranges
                0x00000228       0x70 audi_stm32feb/fw/hw_gpio.vo
 .debug_aranges
                0x00000298       0x38 libopencm3/lib/stm32/f1/gpio.stm32f1
 .debug_aranges
                0x000002d0      0x160 libopencm3/lib/stm32/f1/rcc.stm32f1
 .debug_aranges
                0x00000430       0x50 libopencm3/lib/stm32/common/gpio_common_all.stm32f1
 .debug_aranges
                0x00000480       0xb8 libopencm3/lib/stm32/common/usart_common_all.stm32f1
 .debug_aranges
                0x00000538       0x48 libopencm3/lib/stm32/common/usart_common_f124.stm32f1
 .debug_aranges
                0x00000580       0x58 libopencm3/lib/stm32/common/rcc_common_all.stm32f1
 .debug_aranges
                0x000005d8       0x90 libopencm3/lib/stm32/common/pwr_common_all.stm32f1
 .debug_aranges
                0x00000668       0x30 libopencm3/lib/cm3/vector.stm32f1
 .debug_aranges
                0x00000698       0x78 libopencm3/lib/cm3/systick.stm32f1
 .debug_aranges
                0x00000710       0x60 libopencm3/lib/cm3/nvic.stm32f1
 .debug_aranges
                0x00000770       0x88 libopencm3/lib/stm32/common/flash_common_f01.stm32f1
 .debug_aranges
                0x000007f8       0x80 libopencm3/lib/stm32/can.stm32f1
 .debug_aranges
                0x00000878       0x48 libopencm3/lib/stm32/common/exti_common_all.stm32f1
 .debug_aranges
                0x000008c0       0x20 /usr/lib/gcc/arm-none-eabi/12.2.1/../../../arm-none-eabi/lib/thumb/v7-m/nofp/libc.a(lib_a-strlen-stub.o)
 .debug_aranges
                0x000008e0       0x20 /usr/lib/gcc/arm-none-eabi/12.2.1/thumb/v7-m/nofp/libgcc.a(_arm_addsubsf3.o)
 .debug_aranges
                0x00000900       0x20 /usr/lib/gcc/arm-none-eabi/12.2.1/thumb/v7-m/nofp/libgcc.a(_arm_muldivsf3.o)
 .debug_aranges
                0x00000920       0x20 /usr/lib/gcc/arm-none-eabi/12.2.1/thumb/v7-m/nofp/libgcc.a(_arm_fixunssfsi.o)

.debug_rnglists
                0x00000000      0x15b
 .debug_rnglists
                0x00000000       0x88 main.vo
 .debug_rnglists
                0x00000088       0x19 hw.vo
 .debug_rnglists
                0x000000a1       0x6b audi_stm32feb/fw/hw_can.vo
 .debug_rnglists
                0x0000010c       0x4f audi_stm32feb/fw/hw_gpio.vo

.debug_macro    0x00000000     0x6384
 .debug_macro   0x00000000      0x18f main.vo
 .debug_macro   0x0000018f      0xaa2 main.vo
 .debug_macro   0x00000c31       0x22 main.vo
 .debug_macro   0x00000c53       0x52 main.vo
 .debug_macro   0x00000ca5       0x18 main.vo
 .debug_macro   0x00000cbd       0x94 main.vo
 .debug_macro   0x00000d51       0x35 main.vo
 .debug_macro   0x00000d86       0x34 main.vo
 .debug_macro   0x00000dba      0x182 main.vo
 .debug_macro   0x00000f3c       0x16 main.vo
 .debug_macro   0x00000f52       0x43 main.vo
 .debug_macro   0x00000f95       0x57 main.vo
 .debug_macro   0x00000fec       0x34 main.vo
 .debug_macro   0x00001020       0x10 main.vo
 .debug_macro   0x00001030       0x52 main.vo
 .debug_macro   0x00001082      0x182 main.vo
 .debug_macro   0x00001204      0x356 main.vo
 .debug_macro   0x0000155a       0x10 main.vo
 .debug_macro   0x0000156a       0x35 main.vo
 .debug_macro   0x0000159f       0x16 main.vo
 .debug_macro   0x000015b5       0x16 main.vo
 .debug_macro   0x000015cb       0x29 main.vo
 .debug_macro   0x000015f4      0x103 main.vo
 .debug_macro   0x000016f7      0x34e main.vo
 .debug_macro   0x00001a45      0x379 main.vo
 .debug_macro   0x00001dbe       0x1c main.vo
 .debug_macro   0x00001dda       0x10 main.vo
 .debug_macro   0x00001dea       0x97 ring.vo
 .debug_macro   0x00001e81       0x3a ring.vo
 .debug_macro   0x00001ebb       0x82 ring.vo
 .debug_macro   0x00001f3d      0x379 ring.vo
 .debug_macro   0x000022b6      0x130 conf.vo
 .debug_macro   0x000023e6       0xfd conf.vo
 .debug_macro   0x000024e3      0x166 car.vo
 .debug_macro   0x00002649       0x9c tick.vo
 .debug_macro   0x000026e5       0x16 tick.vo
 .debug_macro   0x000026fb      0x170 hw.vo
 .debug_macro   0x0000286b      0x15c audi_stm32feb/fw/hw_can.vo
 .debug_macro   0x000029c7       0x22 audi_stm32feb/fw/hw_can.vo
 .debug_macro   0x000029e9       0xfa audi_stm32feb/fw/hw_can.vo
 .debug_macro   0x00002ae3       0x58 audi_stm32feb/fw/hw_can.vo
 .debug_macro   0x00002b3b      0x1b4 audi_stm32feb/fw/hw_can.vo
 .debug_macro   0x00002cef      0x825 audi_stm32feb/fw/hw_can.vo
 .debug_macro   0x00003514      0x519 audi_stm32feb/fw/hw_can.vo
 .debug_macro   0x00003a2d       0x71 audi_stm32feb/fw/hw_can.vo
 .debug_macro   0x00003a9e      0x1a2 audi_stm32feb/fw/hw_can.vo
 .debug_macro   0x00003c40       0x76 audi_stm32feb/fw/hw_can.vo
 .debug_macro   0x00003cb6      0xdfd audi_stm32feb/fw/hw_can.vo
 .debug_macro   0x00004ab3      0x112 audi_stm32feb/fw/hw_can.vo
 .debug_macro   0x00004bc5       0x89 audi_stm32feb/fw/hw_can.vo
 .debug_macro   0x00004c4e      0x11a audi_stm32feb/fw/hw_gpio.vo
 .debug_macro   0x00004d68       0x10 audi_stm32feb/fw/hw_gpio.vo
 .debug_macro   0x00004d78       0x70 libopencm3/lib/stm32/f1/gpio.stm32f1
 .debug_macro   0x00004de8       0x22 libopencm3/lib/stm32/f1/gpio.stm32f1
 .debug_macro   0x00004e0a       0x97 libopencm3/lib/stm32/f1/rcc.stm32f1
 .debug_macro   0x00004ea1       0x16 libopencm3/lib/stm32/f1/rcc.stm32f1
 .debug_macro   0x00004eb7       0xdc libopencm3/lib/stm32/f1/rcc.stm32f1
 .debug_macro   0x00004f93       0x82 libopencm3/lib/stm32/f1/rcc.stm32f1
 .debug_macro   0x00005015       0x76 libopencm3/lib/stm32/common/gpio_common_all.stm32f1
 .debug_macro   0x0000508b       0x92 libopencm3/lib/stm32/common/usart_common_all.stm32f1
 .debug_macro   0x0000511d       0x8e libopencm3/lib/stm32/common/usart_common_all.stm32f1
 .debug_macro   0x000051ab      0x273 libopencm3/lib/stm32/common/usart_common_all.stm32f1
 .debug_macro   0x0000541e       0x92 libopencm3/lib/stm32/common/usart_common_f124.stm32f1
 .debug_macro   0x000054b0       0x86 libopencm3/lib/stm32/common/rcc_common_all.stm32f1
 .debug_macro   0x00005536       0x6b libopencm3/lib/stm32/common/pwr_common_all.stm32f1
 .debug_macro   0x000055a1       0x87 libopencm3/lib/cm3/vector.stm32f1
 .debug_macro   0x00005628      0x3a1 libopencm3/lib/cm3/vector.stm32f1
 .debug_macro   0x000059c9       0x4a libopencm3/lib/cm3/systick.stm32f1
 .debug_macro   0x00005a13       0x64 libopencm3/lib/cm3/systick.stm32f1
 .debug_macro   0x00005a77       0x6b libopencm3/lib/cm3/nvic.stm32f1
 .debug_macro   0x00005ae2       0x6b libopencm3/lib/cm3/nvic.stm32f1
 .debug_macro   0x00005b4d      0x1b0 libopencm3/lib/cm3/nvic.stm32f1
 .debug_macro   0x00005cfd       0x70 libopencm3/lib/stm32/common/flash_common_f01.stm32f1
 .debug_macro   0x00005d6d       0x7d libopencm3/lib/stm32/can.stm32f1
 .debug_macro   0x00005dea      0x513 libopencm3/lib/stm32/can.stm32f1
 .debug_macro   0x000062fd       0x87 libopencm3/lib/stm32/common/exti_common_all.stm32f1

.debug_line     0x00000000     0x578f
 .debug_line    0x00000000      0x769 main.vo
 .debug_line    0x00000769      0x275 ring.vo
 .debug_line    0x000009de      0x2c3 conf.vo
 .debug_line    0x00000ca1      0x546 car.vo
 .debug_line    0x000011e7      0x1fd tick.vo
 .debug_line    0x000013e4      0x23c hw.vo
 .debug_line    0x00001620      0x5e6 audi_stm32feb/fw/hw_can.vo
 .debug_line    0x00001c06      0x394 audi_stm32feb/fw/hw_gpio.vo
 .debug_line    0x00001f9a      0x272 libopencm3/lib/stm32/f1/gpio.stm32f1
 .debug_line    0x0000220c      0xc26 libopencm3/lib/stm32/f1/rcc.stm32f1
 .debug_line    0x00002e32      0x294 libopencm3/lib/stm32/common/gpio_common_all.stm32f1
 .debug_line    0x000030c6      0x49e libopencm3/lib/stm32/common/usart_common_all.stm32f1
 .debug_line    0x00003564      0x2d5 libopencm3/lib/stm32/common/usart_common_f124.stm32f1
 .debug_line    0x00003839      0x2b2 libopencm3/lib/stm32/common/rcc_common_all.stm32f1
 .debug_line    0x00003aeb      0x330 libopencm3/lib/stm32/common/pwr_common_all.stm32f1
 .debug_line    0x00003e1b      0x2cd libopencm3/lib/cm3/vector.stm32f1
 .debug_line    0x000040e8      0x27e libopencm3/lib/cm3/systick.stm32f1
 .debug_line    0x00004366      0x29f libopencm3/lib/cm3/nvic.stm32f1
 .debug_line    0x00004605      0x3a8 libopencm3/lib/stm32/common/flash_common_f01.stm32f1
 .debug_line    0x000049ad      0x755 libopencm3/lib/stm32/can.stm32f1
 .debug_line    0x00005102      0x315 libopencm3/lib/stm32/common/exti_common_all.stm32f1
 .debug_line    0x00005417       0xf4 /usr/lib/gcc/arm-none-eabi/12.2.1/../../../arm-none-eabi/lib/thumb/v7-m/nofp/libc.a(lib_a-strlen-stub.o)
 .debug_line    0x0000550b      0x103 /usr/lib/gcc/arm-none-eabi/12.2.1/thumb/v7-m/nofp/libgcc.a(_arm_addsubsf3.o)
 .debug_line    0x0000560e      0x123 /usr/lib/gcc/arm-none-eabi/12.2.1/thumb/v7-m/nofp/libgcc.a(_arm_muldivsf3.o)
 .debug_line    0x00005731       0x5e /usr/lib/gcc/arm-none-eabi/12.2.1/thumb/v7-m/nofp/libgcc.a(_arm_fixunssfsi.o)

.debug_str      0x00000000    0x1743c
 .debug_str     0x00000000     0x785c main.vo
                               0x7a9f (size before relaxing)
 .debug_str     0x0000785c      0x4c9 ring.vo
                               0x4d53 (size before relaxing)
 .debug_str     0x00007d25      0x3fd conf.vo
                               0x7a31 (size before relaxing)
 .debug_str     0x00008122      0x1d1 car.vo
                               0x7bd6 (size before relaxing)
 .debug_str     0x000082f3       0x3b tick.vo
                               0x4db7 (size before relaxing)
 .debug_str     0x0000832e      0x5ab hw.vo
                               0x7b37 (size before relaxing)
 .debug_str     0x000088d9     0x9418 audi_stm32feb/fw/hw_can.vo
                               0xe259 (size before relaxing)
 .debug_str     0x00011cf1       0xf3 audi_stm32feb/fw/hw_gpio.vo
                               0xbd3a (size before relaxing)
 .debug_str     0x00011de4       0x91 libopencm3/lib/stm32/f1/gpio.stm32f1
                               0x8113 (size before relaxing)
 .debug_str     0x00011e75      0xc81 libopencm3/lib/stm32/f1/rcc.stm32f1
                               0x7938 (size before relaxing)
 .debug_str     0x00012af6       0x78 libopencm3/lib/stm32/common/gpio_common_all.stm32f1
                               0x8126 (size before relaxing)
 .debug_str     0x00012b6e     0x10ab libopencm3/lib/stm32/common/usart_common_all.stm32f1
                               0x7da7 (size before relaxing)
 .debug_str     0x00013c19       0x63 libopencm3/lib/stm32/common/usart_common_f124.stm32f1
                               0x7c05 (size before relaxing)
 .debug_str     0x00013c7c      0x327 libopencm3/lib/stm32/common/rcc_common_all.stm32f1
                               0x7260 (size before relaxing)
 .debug_str     0x00013fa3      0x491 libopencm3/lib/stm32/common/pwr_common_all.stm32f1
                               0x4d5d (size before relaxing)
 .debug_str     0x00014434     0x1d03 libopencm3/lib/cm3/vector.stm32f1
                               0x627d (size before relaxing)
 .debug_str     0x00016137      0x354 libopencm3/lib/cm3/systick.stm32f1
                               0x40cf (size before relaxing)
 .debug_str     0x0001648b      0x9c6 libopencm3/lib/cm3/nvic.stm32f1
                               0x4f7c (size before relaxing)
 .debug_str     0x00016e51      0x193 libopencm3/lib/stm32/common/flash_common_f01.stm32f1
                               0x51be (size before relaxing)
 .debug_str     0x00016fe4      0x166 libopencm3/lib/stm32/can.stm32f1
                               0x868c (size before relaxing)
 .debug_str     0x0001714a       0x59 libopencm3/lib/stm32/common/exti_common_all.stm32f1
                               0x84e9 (size before relaxing)
 .debug_str     0x000171a3      0x10e /usr/lib/gcc/arm-none-eabi/12.2.1/../../../arm-none-eabi/lib/thumb/v7-m/nofp/libc.a(lib_a-strlen-stub.o)
                                0x1b1 (size before relaxing)
 .debug_str     0x000172b1      0x144 /usr/lib/gcc/arm-none-eabi/12.2.1/thumb/v7-m/nofp/libgcc.a(_arm_addsubsf3.o)
 .debug_str     0x000173f5       0x2c /usr/lib/gcc/arm-none-eabi/12.2.1/thumb/v7-m/nofp/libgcc.a(_arm_muldivsf3.o)
                                 0xd0 (size before relaxing)
 .debug_str     0x00017421       0x1b /usr/lib/gcc/arm-none-eabi/12.2.1/thumb/v7-m/nofp/libgcc.a(_arm_fixunssfsi.o)
                                 0xbf (size before relaxing)

.comment        0x00000000       0xaa
 .comment       0x00000000       0x26 main.vo
                                 0x27 (size before relaxing)
 .comment       0x00000026       0x51 ring.vo
                                 0x52 (size before relaxing)
 .comment       0x00000077       0x52 conf.vo
 .comment       0x00000077       0x52 car.vo
 .comment       0x00000077       0x52 tick.vo
 .comment       0x00000077       0x27 hw.vo
 .comment       0x00000077       0x52 audi_stm32feb/fw/hw_clock.vo
 .comment       0x00000077       0x27 audi_stm32feb/fw/hw_can.vo
 .comment       0x00000077       0x27 audi_stm32feb/fw/hw_gpio.vo
 .comment       0x00000077       0x52 audi_stm32feb/fw/hw_tick.vo
 .comment       0x00000077       0x52 audi_stm32feb/fw/hw_usart.vo
 .comment       0x00000077       0x52 audi_stm32feb/fw/hw_sleep.vo
 .comment       0x00000077       0x52 libopencm3/lib/stm32/f1/gpio.stm32f1
 .comment       0x00000077       0x52 libopencm3/lib/stm32/f1/rcc.stm32f1
 .comment       0x00000077       0x52 libopencm3/lib/stm32/common/gpio_common_all.stm32f1
 .comment       0x00000077       0x52 libopencm3/lib/stm32/common/usart_common_all.stm32f1
 .comment       0x00000077       0x52 libopencm3/lib/stm32/common/usart_common_f124.stm32f1
 .comment       0x00000077       0x52 libopencm3/lib/stm32/common/rcc_common_all.stm32f1
 .comment       0x00000077       0x52 libopencm3/lib/stm32/common/pwr_common_all.stm32f1
 .comment       0x00000077       0x52 libopencm3/lib/cm3/vector.stm32f1
 .comment       0x00000077       0x52 libopencm3/lib/cm3/systick.stm32f1
 .comment       0x00000077       0x52 libopencm3/lib/cm3/nvic.stm32f1
 .comment       0x00000077       0x52 libopencm3/lib/stm32/common/flash_common_f01.stm32f1
 .comment       0x00000077       0x52 libopencm3/lib/stm32/can.stm32f1
 .comment       0x00000077       0x52 libopencm3/lib/stm32/common/exti_common_all.stm32f1
 .comment       0x00000077       0x33 /usr/lib/gcc/arm-none-eabi/12.2.1/../../../arm-none-eabi/lib/thumb/v7-m/nofp/libc.a(lib_a-strlen-stub.o)
                                 0x34 (size before relaxing)

.ARM.attributes
                0x00000000       0x2d
 .ARM.attributes
                0x00000000       0x2d main.vo
 .ARM.attributes
                0x0000002d       0x2d ring.vo
 .ARM.attributes
                0x0000005a       0x2d conf.vo
 .ARM.attributes
                0x00000087       0x2d car.vo
 .ARM.attributes
                0x000000b4       0x2d tick.vo
 .ARM.attributes
                0x000000e1       0x2d hw.vo
 .ARM.attributes
                0x0000010e       0x2d audi_stm32feb/fw/hw_clock.vo
 .ARM.attributes
                0x0000013b       0x2d audi_stm32feb/fw/hw_can.vo
 .ARM.attributes
                0x00000168       0x2d audi_stm32feb/fw/hw_gpio.vo
 .ARM.attributes
                0x00000195       0x2d audi_stm32feb/fw/hw_tick.vo
 .ARM.attributes
                0x000001c2       0x2d audi_stm32feb/fw/hw_usart.vo
 .ARM.attributes
                0x000001ef       0x2d audi_stm32feb/fw/hw_sleep.vo
 .ARM.attributes
                0x0000021c       0x2d libopencm3/lib/stm32/f1/gpio.stm32f1
 .ARM.attributes
                0x00000249       0x2d libopencm3/lib/stm32/f1/rcc.stm32f1
 .ARM.attributes
                0x00000276       0x2d libopencm3/lib/stm32/common/gpio_common_all.stm32f1
 .ARM.attributes
                0x000002a3       0x2d libopencm3/lib/stm32/common/usart_common_all.stm32f1
 .ARM.attributes
                0x000002d0       0x2d libopencm3/lib/stm32/common/usart_common_f124.stm32f1
 .ARM.attributes
                0x000002fd       0x2d libopencm3/lib/stm32/common/rcc_common_all.stm32f1
 .ARM.attributes
                0x0000032a       0x2d libopencm3/lib/stm32/common/pwr_common_all.stm32f1
 .ARM.attributes
                0x00000357       0x2d libopencm3/lib/cm3/vector.stm32f1
 .ARM.attributes
                0x00000384       0x2d libopencm3/lib/cm3/systick.stm32f1
 .ARM.attributes
                0x000003b1       0x2d libopencm3/lib/cm3/nvic.stm32f1
 .ARM.attributes
                0x000003de       0x2d libopencm3/lib/stm32/common/flash_common_f01.stm32f1
 .ARM.attributes
                0x0000040b       0x2d libopencm3/lib/stm32/can.stm32f1
 .ARM.attributes
                0x00000438       0x2d libopencm3/lib/stm32/common/exti_common_all.stm32f1
 .ARM.attributes
                0x00000465       0x2d /usr/lib/gcc/arm-none-eabi/12.2.1/../../../arm-none-eabi/lib/thumb/v7-m/nofp/libc.a(lib_a-strlen-stub.o)
 .ARM.attributes
                0x00000492       0x1d /usr/lib/gcc/arm-none-eabi/12.2.1/thumb/v7-m/nofp/libgcc.a(_arm_addsubsf3.o)
 .ARM.attributes
                0x000004af       0x1d /usr/lib/gcc/arm-none-eabi/12.2.1/thumb/v7-m/nofp/libgcc.a(_arm_muldivsf3.o)
 .ARM.attributes
                0x000004cc       0x1d /usr/lib/gcc/arm-none-eabi/12.2.1/thumb/v7-m/nofp/libgcc.a(_arm_fixunssfsi.o)

.debug_frame    0x00000000     0x12c0
 .debug_frame   0x00000000       0xcc main.vo
 .debug_frame   0x000000cc       0x84 ring.vo
 .debug_frame   0x00000150       0xc0 conf.vo
 .debug_frame   0x00000210      0x128 car.vo
 .debug_frame   0x00000338       0x28 tick.vo
 .debug_frame   0x00000360       0x44 hw.vo
 .debug_frame   0x000003a4      0x13c audi_stm32feb/fw/hw_can.vo
 .debug_frame   0x000004e0       0xd8 audi_stm32feb/fw/hw_gpio.vo
 .debug_frame   0x000005b8       0x60 libopencm3/lib/stm32/f1/gpio.stm32f1
 .debug_frame   0x00000618      0x2e8 libopencm3/lib/stm32/f1/rcc.stm32f1
 .debug_frame   0x00000900       0x80 libopencm3/lib/stm32/common/gpio_common_all.stm32f1
 .debug_frame   0x00000980      0x170 libopencm3/lib/stm32/common/usart_common_all.stm32f1
 .debug_frame   0x00000af0       0x70 libopencm3/lib/stm32/common/usart_common_f124.stm32f1
 .debug_frame   0x00000b60       0xb0 libopencm3/lib/stm32/common/rcc_common_all.stm32f1
 .debug_frame   0x00000c10      0x100 libopencm3/lib/stm32/common/pwr_common_all.stm32f1
 .debug_frame   0x00000d10       0x40 libopencm3/lib/cm3/vector.stm32f1
 .debug_frame   0x00000d50       0xd8 libopencm3/lib/cm3/systick.stm32f1
 .debug_frame   0x00000e28       0xa0 libopencm3/lib/cm3/nvic.stm32f1
 .debug_frame   0x00000ec8      0x120 libopencm3/lib/stm32/common/flash_common_f01.stm32f1
 .debug_frame   0x00000fe8      0x188 libopencm3/lib/stm32/can.stm32f1
 .debug_frame   0x00001170       0x88 libopencm3/lib/stm32/common/exti_common_all.stm32f1
 .debug_frame   0x000011f8       0x20 /usr/lib/gcc/arm-none-eabi/12.2.1/../../../arm-none-eabi/lib/thumb/v7-m/nofp/libc.a(lib_a-strlen-stub.o)
 .debug_frame   0x00001218       0x4c /usr/lib/gcc/arm-none-eabi/12.2.1/thumb/v7-m/nofp/libgcc.a(_arm_addsubsf3.o)
 .debug_frame   0x00001264       0x38 /usr/lib/gcc/arm-none-eabi/12.2.1/thumb/v7-m/nofp/libgcc.a(_arm_muldivsf3.o)
 .debug_frame   0x0000129c       0x24 /usr/lib/gcc/arm-none-eabi/12.2.1/thumb/v7-m/nofp/libgcc.a(_arm_fixunssfsi.o)

.debug_loc      0x00000000     0x2277
 .debug_loc     0x00000000      0x171 ring.vo
 .debug_loc     0x00000171      0x472 car.vo
 .debug_loc     0x000005e3      0x16b libopencm3/lib/stm32/f1/gpio.stm32f1
 .debug_loc     0x0000074e      0x4b6 libopencm3/lib/stm32/f1/rcc.stm32f1
 .debug_loc     0x00000c04       0xbe libopencm3/lib/stm32/common/gpio_common_all.stm32f1
 .debug_loc     0x00000cc2      0x206 libopencm3/lib/stm32/common/usart_common_all.stm32f1
 .debug_loc     0x00000ec8      0x10d libopencm3/lib/stm32/common/usart_common_f124.stm32f1
 .debug_loc     0x00000fd5      0x128 libopencm3/lib/stm32/common/rcc_common_all.stm32f1
 .debug_loc     0x000010fd       0x25 libopencm3/lib/stm32/common/pwr_common_all.stm32f1
 .debug_loc     0x00001122       0xff libopencm3/lib/cm3/vector.stm32f1
 .debug_loc     0x00001221      0x192 libopencm3/lib/cm3/systick.stm32f1
 .debug_loc     0x000013b3      0x14d libopencm3/lib/cm3/nvic.stm32f1
 .debug_loc     0x00001500       0xef libopencm3/lib/stm32/common/flash_common_f01.stm32f1
 .debug_loc     0x000015ef      0xade libopencm3/lib/stm32/can.stm32f1
 .debug_loc     0x000020cd      0x185 libopencm3/lib/stm32/common/exti_common_all.stm32f1
 .debug_loc     0x00002252       0x25 /usr/lib/gcc/arm-none-eabi/12.2.1/../../../arm-none-eabi/lib/thumb/v7-m/nofp/libc.a(lib_a-strlen-stub.o)

.debug_ranges   0x00000000      0x7a8
 .debug_ranges  0x00000000       0x30 ring.vo
 .debug_ranges  0x00000030       0x58 conf.vo
 .debug_ranges  0x00000088      0x108 car.vo
 .debug_ranges  0x00000190       0x10 tick.vo
 .debug_ranges  0x000001a0       0x28 libopencm3/lib/stm32/f1/gpio.stm32f1
 .debug_ranges  0x000001c8      0x1c0 libopencm3/lib/stm32/f1/rcc.stm32f1
 .debug_ranges  0x00000388       0x40 libopencm3/lib/stm32/common/gpio_common_all.stm32f1
 .debug_ranges  0x000003c8       0xa8 libopencm3/lib/stm32/common/usart_common_all.stm32f1
 .debug_ranges  0x00000470       0x38 libopencm3/lib/stm32/common/usart_common_f124.stm32f1
 .debug_ranges  0x000004a8       0x48 libopencm3/lib/stm32/common/rcc_common_all.stm32f1
 .debug_ranges  0x000004f0       0x80 libopencm3/lib/stm32/common/pwr_common_all.stm32f1
 .debug_ranges  0x00000570       0x20 libopencm3/lib/cm3/vector.stm32f1
 .debug_ranges  0x00000590       0x80 libopencm3/lib/cm3/systick.stm32f1
 .debug_ranges  0x00000610       0x50 libopencm3/lib/cm3/nvic.stm32f1
 .debug_ranges  0x00000660       0x78 libopencm3/lib/stm32/common/flash_common_f01.stm32f1
 .debug_ranges  0x000006d8       0x70 libopencm3/lib/stm32/can.stm32f1
 .debug_ranges  0x00000748       0x50 libopencm3/lib/stm32/common/exti_common_all.stm32f1
 .debug_ranges  0x00000798       0x10 /usr/lib/gcc/arm-none-eabi/12.2.1/../../../arm-none-eabi/lib/thumb/v7-m/nofp/libc.a(lib_a-strlen-stub.o)

.debug_line_str
                0x00000000       0x98
 .debug_line_str
                0x00000000       0x98 /usr/lib/gcc/arm-none-eabi/12.2.1/thumb/v7-m/nofp/libgcc.a(_arm_addsubsf3.o)
 .debug_line_str
                0x00000098       0x98 /usr/lib/gcc/arm-none-eabi/12.2.1/thumb/v7-m/nofp/libgcc.a(_arm_muldivsf3.o)
 .debug_line_str
                0x00000098       0x98 /usr/lib/gcc/arm-none-eabi/12.2.1/thumb/v7-m/nofp/libgcc.a(_arm_fixunssfsi.o)

Cross Reference Table

Symbol                                            File
__addsf3                                          /usr/lib/gcc/arm-none-eabi/12.2.1/thumb/v7-m/nofp/libgcc.a(_arm_addsubsf3.o)
__aeabi_f2uiz                                     /usr/lib/gcc/arm-none-eabi/12.2.1/thumb/v7-m/nofp/libgcc.a(_arm_fixunssfsi.o)
                                                  car.vo
__aeabi_fadd                                      /usr/lib/gcc/arm-none-eabi/12.2.1/thumb/v7-m/nofp/libgcc.a(_arm_addsubsf3.o)
                                                  car.vo
__aeabi_fdiv                                      /usr/lib/gcc/arm-none-eabi/12.2.1/thumb/v7-m/nofp/libgcc.a(_arm_muldivsf3.o)
                                                  car.vo
__aeabi_fmul                                      /usr/lib/gcc/arm-none-eabi/12.2.1/thumb/v7-m/nofp/libgcc.a(_arm_muldivsf3.o)
                                                  /usr/lib/gcc/arm-none-eabi/12.2.1/thumb/v7-m/nofp/libgcc.a(_arm_mulsf3.o)
                                                  car.vo
__aeabi_frsub                                     /usr/lib/gcc/arm-none-eabi/12.2.1/thumb/v7-m/nofp/libgcc.a(_arm_addsubsf3.o)
__aeabi_fsub                                      /usr/lib/gcc/arm-none-eabi/12.2.1/thumb/v7-m/nofp/libgcc.a(_arm_addsubsf3.o)
__aeabi_i2f                                       /usr/lib/gcc/arm-none-eabi/12.2.1/thumb/v7-m/nofp/libgcc.a(_arm_addsubsf3.o)
__aeabi_l2f                                       /usr/lib/gcc/arm-none-eabi/12.2.1/thumb/v7-m/nofp/libgcc.a(_arm_addsubsf3.o)
__aeabi_ui2f                                      /usr/lib/gcc/arm-none-eabi/12.2.1/thumb/v7-m/nofp/libgcc.a(_arm_addsubsf3.o)
                                                  car.vo
__aeabi_ul2f                                      /usr/lib/gcc/arm-none-eabi/12.2.1/thumb/v7-m/nofp/libgcc.a(_arm_addsubsf3.o)
__divsf3                                          /usr/lib/gcc/arm-none-eabi/12.2.1/thumb/v7-m/nofp/libgcc.a(_arm_muldivsf3.o)
__dmb                                             libopencm3/lib/cm3/sync.stm32f1
__fini_array_end                                  libopencm3/lib/cm3/vector.stm32f1
__fini_array_start                                libopencm3/lib/cm3/vector.stm32f1
__fixunssfsi                                      /usr/lib/gcc/arm-none-eabi/12.2.1/thumb/v7-m/nofp/libgcc.a(_arm_fixunssfsi.o)
__floatdisf                                       /usr/lib/gcc/arm-none-eabi/12.2.1/thumb/v7-m/nofp/libgcc.a(_arm_addsubsf3.o)
__floatsisf                                       /usr/lib/gcc/arm-none-eabi/12.2.1/thumb/v7-m/nofp/libgcc.a(_arm_addsubsf3.o)
__floatundisf                                     /usr/lib/gcc/arm-none-eabi/12.2.1/thumb/v7-m/nofp/libgcc.a(_arm_addsubsf3.o)
__floatunsisf                                     /usr/lib/gcc/arm-none-eabi/12.2.1/thumb/v7-m/nofp/libgcc.a(_arm_addsubsf3.o)
__init_array_end                                  libopencm3/lib/cm3/vector.stm32f1
__init_array_start                                libopencm3/lib/cm3/vector.stm32f1
__ldrex                                           libopencm3/lib/cm3/sync.stm32f1
__mulsf3                                          /usr/lib/gcc/arm-none-eabi/12.2.1/thumb/v7-m/nofp/libgcc.a(_arm_muldivsf3.o)
                                                  /usr/lib/gcc/arm-none-eabi/12.2.1/thumb/v7-m/nofp/libgcc.a(_arm_mulsf3.o)
__preinit_array_end                               libopencm3/lib/cm3/vector.stm32f1
__preinit_array_start                             libopencm3/lib/cm3/vector.stm32f1
__strex                                           libopencm3/lib/cm3/sync.stm32f1
__subsf3                                          /usr/lib/gcc/arm-none-eabi/12.2.1/thumb/v7-m/nofp/libgcc.a(_arm_addsubsf3.o)
_data                                             libopencm3/lib/cm3/vector.stm32f1
_data_loadaddr                                    libopencm3/lib/cm3/vector.stm32f1
_ebss                                             libopencm3/lib/cm3/vector.stm32f1
                                                  sbrk.vo
_edata                                            libopencm3/lib/cm3/vector.stm32f1
_sbrk_r                                           sbrk.vo
_stack                                            libopencm3/lib/cm3/vector.stm32f1
                                                  sbrk.vo
adc1_2_isr                                        libopencm3/lib/cm3/vector.stm32f1
adc3_isr                                          libopencm3/lib/cm3/vector.stm32f1
anymsg_desc                                       car.vo
blocking_handler                                  libopencm3/lib/cm3/vector.stm32f1
bus_fault_handler                                 libopencm3/lib/cm3/vector.stm32f1
can2_rx0_isr                                      libopencm3/lib/cm3/vector.stm32f1
can2_rx1_isr                                      libopencm3/lib/cm3/vector.stm32f1
can2_sce_isr                                      libopencm3/lib/cm3/vector.stm32f1
can2_tx_isr                                       libopencm3/lib/cm3/vector.stm32f1
can_available_mailbox                             libopencm3/lib/stm32/can.stm32f1
                                                  audi_stm32feb/fw/hw_can.vo
can_disable_irq                                   libopencm3/lib/stm32/can.stm32f1
                                                  audi_stm32feb/fw/hw_can.vo
can_enable_irq                                    libopencm3/lib/stm32/can.stm32f1
                                                  audi_stm32feb/fw/hw_can.vo
can_fifo_release                                  libopencm3/lib/stm32/can.stm32f1
                                                  audi_stm32feb/fw/hw_can.vo
can_filter_id_list_16bit_init                     libopencm3/lib/stm32/can.stm32f1
can_filter_id_list_32bit_init                     libopencm3/lib/stm32/can.stm32f1
can_filter_id_mask_16bit_init                     libopencm3/lib/stm32/can.stm32f1
can_filter_id_mask_32bit_init                     libopencm3/lib/stm32/can.stm32f1
                                                  audi_stm32feb/fw/hw_can.vo
can_filter_init                                   libopencm3/lib/stm32/can.stm32f1
can_init                                          libopencm3/lib/stm32/can.stm32f1
                                                  audi_stm32feb/fw/hw_can.vo
can_isr_cnt                                       audi_stm32feb/fw/hw_can.vo
can_receive                                       libopencm3/lib/stm32/can.stm32f1
                                                  audi_stm32feb/fw/hw_can.vo
can_reset                                         libopencm3/lib/stm32/can.stm32f1
                                                  audi_stm32feb/fw/hw_can.vo
can_rx1_isr                                       libopencm3/lib/cm3/vector.stm32f1
can_sce_isr                                       libopencm3/lib/cm3/vector.stm32f1
can_transmit                                      libopencm3/lib/stm32/can.stm32f1
                                                  audi_stm32feb/fw/hw_can.vo
canbox_cmd_process                                canbox.vo
canbox_cont                                       canbox.vo
canbox_dec_volume                                 canbox.vo
canbox_inc_volume                                 canbox.vo
canbox_mici                                       canbox.vo
canbox_mode                                       canbox.vo
canbox_next                                       canbox.vo
canbox_prev                                       canbox.vo
car_get_acc                                       car.vo
                                                  main.vo
car_get_car                                       car.vo
                                                  main.vo
car_get_ign                                       car.vo
                                                  main.vo
car_get_illum                                     car.vo
                                                  main.vo
car_get_next_car                                  car.vo
                                                  main.vo
car_init                                          car.vo
                                                  main.vo
car_process                                       car.vo
                                                  main.vo
cm3_assert_failed                                 libopencm3/lib/stm32/f1/rcc.stm32f1
conf                                              conf.vo
conf_get_canbox                                   conf.vo
                                                  canbox.vo
                                                  main.vo
conf_get_car                                      conf.vo
                                                  main.vo
conf_get_idx                                      conf.vo
conf_get_illum                                    conf.vo
                                                  main.vo
conf_get_rear_delay                               conf.vo
                                                  main.vo
conf_read                                         conf.vo
                                                  main.vo
conf_set_canbox                                   conf.vo
                                                  main.vo
conf_set_car                                      conf.vo
                                                  main.vo
conf_set_illum                                    conf.vo
                                                  main.vo
conf_set_rear_delay                               conf.vo
                                                  main.vo
conf_write                                        conf.vo
                                                  main.vo
debug_monitor_handler                             libopencm3/lib/cm3/vector.stm32f1
debug_on                                          main.vo
debug_on_cnt                                      main.vo
dma1_channel1_isr                                 libopencm3/lib/cm3/vector.stm32f1
dma1_channel2_isr                                 libopencm3/lib/cm3/vector.stm32f1
dma1_channel3_isr                                 libopencm3/lib/cm3/vector.stm32f1
dma1_channel4_isr                                 libopencm3/lib/cm3/vector.stm32f1
dma1_channel5_isr                                 libopencm3/lib/cm3/vector.stm32f1
dma1_channel6_isr                                 libopencm3/lib/cm3/vector.stm32f1
dma1_channel7_isr                                 libopencm3/lib/cm3/vector.stm32f1
dma2_channel1_isr                                 libopencm3/lib/cm3/vector.stm32f1
dma2_channel2_isr                                 libopencm3/lib/cm3/vector.stm32f1
dma2_channel3_isr                                 libopencm3/lib/cm3/vector.stm32f1
dma2_channel4_5_isr                               libopencm3/lib/cm3/vector.stm32f1
dma2_channel5_isr                                 libopencm3/lib/cm3/vector.stm32f1
eth_isr                                           libopencm3/lib/cm3/vector.stm32f1
eth_wkup_isr                                      libopencm3/lib/cm3/vector.stm32f1
exti0_isr                                         libopencm3/lib/cm3/vector.stm32f1
exti15_10_isr                                     audi_stm32feb/fw/hw_can.vo
exti1_isr                                         libopencm3/lib/cm3/vector.stm32f1
exti2_isr                                         libopencm3/lib/cm3/vector.stm32f1
exti3_isr                                         libopencm3/lib/cm3/vector.stm32f1
exti4_isr                                         libopencm3/lib/cm3/vector.stm32f1
exti9_5_isr                                       libopencm3/lib/cm3/vector.stm32f1
exti_disable_request                              libopencm3/lib/stm32/common/exti_common_all.stm32f1
                                                  audi_stm32feb/fw/hw_can.vo
exti_enable_request                               libopencm3/lib/stm32/common/exti_common_all.stm32f1
                                                  audi_stm32feb/fw/hw_can.vo
exti_get_flag_status                              libopencm3/lib/stm32/common/exti_common_all.stm32f1
exti_reset_request                                libopencm3/lib/stm32/common/exti_common_all.stm32f1
                                                  audi_stm32feb/fw/hw_can.vo
exti_select_source                                libopencm3/lib/stm32/common/exti_common_all.stm32f1
                                                  audi_stm32feb/fw/hw_can.vo
exti_set_trigger                                  libopencm3/lib/stm32/common/exti_common_all.stm32f1
                                                  audi_stm32feb/fw/hw_can.vo
flash_clear_bsy_flag                              libopencm3/lib/stm32/common/flash_common_f01.stm32f1
                                                  libopencm3/lib/stm32/f1/flash.stm32f1
flash_clear_bsy_flag_upper                        libopencm3/lib/stm32/f1/flash.stm32f1
flash_clear_eop_flag                              libopencm3/lib/stm32/common/flash_common_f01.stm32f1
                                                  libopencm3/lib/stm32/f1/flash.stm32f1
flash_clear_eop_flag_upper                        libopencm3/lib/stm32/f1/flash.stm32f1
flash_clear_pgerr_flag                            libopencm3/lib/stm32/common/flash_common_f01.stm32f1
                                                  libopencm3/lib/stm32/f1/flash.stm32f1
flash_clear_pgerr_flag_upper                      libopencm3/lib/stm32/f1/flash.stm32f1
flash_clear_status_flags                          libopencm3/lib/stm32/f1/flash.stm32f1
flash_clear_wrprterr_flag                         libopencm3/lib/stm32/common/flash_common_f01.stm32f1
                                                  libopencm3/lib/stm32/f1/flash.stm32f1
flash_clear_wrprterr_flag_upper                   libopencm3/lib/stm32/f1/flash.stm32f1
flash_erase_all_pages                             libopencm3/lib/stm32/f1/flash.stm32f1
flash_erase_option_bytes                          libopencm3/lib/stm32/common/flash_common_f01.stm32f1
flash_erase_page                                  libopencm3/lib/stm32/f1/flash.stm32f1
flash_get_status_flags                            libopencm3/lib/stm32/f1/flash.stm32f1
                                                  libopencm3/lib/stm32/common/flash_common_f01.stm32f1
flash_halfcycle_disable                           libopencm3/lib/stm32/f1/flash.stm32f1
flash_halfcycle_enable                            libopencm3/lib/stm32/f1/flash.stm32f1
flash_isr                                         libopencm3/lib/cm3/vector.stm32f1
flash_lock                                        libopencm3/lib/stm32/common/flash_common_f01.stm32f1
flash_lock_upper                                  libopencm3/lib/stm32/f1/flash.stm32f1
flash_prefetch_buffer_disable                     libopencm3/lib/stm32/common/flash_common_f01.stm32f1
flash_prefetch_buffer_enable                      libopencm3/lib/stm32/common/flash_common_f01.stm32f1
flash_program_half_word                           libopencm3/lib/stm32/f1/flash.stm32f1
                                                  libopencm3/lib/stm32/common/flash_common_f01.stm32f1
flash_program_option_bytes                        libopencm3/lib/stm32/common/flash_common_f01.stm32f1
flash_program_word                                libopencm3/lib/stm32/common/flash_common_f01.stm32f1
flash_set_ws                                      libopencm3/lib/stm32/common/flash_common_f01.stm32f1
                                                  libopencm3/lib/stm32/f1/rcc.stm32f1
flash_unlock                                      libopencm3/lib/stm32/common/flash_common_f01.stm32f1
flash_unlock_option_bytes                         libopencm3/lib/stm32/common/flash_common_f01.stm32f1
flash_unlock_upper                                libopencm3/lib/stm32/f1/flash.stm32f1
flash_wait_for_last_operation                     libopencm3/lib/stm32/common/flash_common_f01.stm32f1
                                                  libopencm3/lib/stm32/f1/flash.stm32f1
fsmc_isr                                          libopencm3/lib/cm3/vector.stm32f1
gpio_clear                                        libopencm3/lib/stm32/common/gpio_common_all.stm32f1
                                                  audi_stm32feb/fw/hw_gpio.vo
gpio_get                                          libopencm3/lib/stm32/common/gpio_common_all.stm32f1
gpio_port_config_lock                             libopencm3/lib/stm32/common/gpio_common_all.stm32f1
gpio_port_read                                    libopencm3/lib/stm32/common/gpio_common_all.stm32f1
gpio_port_write                                   libopencm3/lib/stm32/common/gpio_common_all.stm32f1
gpio_primary_remap                                libopencm3/lib/stm32/f1/gpio.stm32f1
gpio_secondary_remap                              libopencm3/lib/stm32/f1/gpio.stm32f1
gpio_set                                          libopencm3/lib/stm32/common/gpio_common_all.stm32f1
                                                  audi_stm32feb/fw/hw_gpio.vo
                                                  audi_stm32feb/fw/hw_can.vo
gpio_set_eventout                                 libopencm3/lib/stm32/f1/gpio.stm32f1
gpio_set_mode                                     libopencm3/lib/stm32/f1/gpio.stm32f1
                                                  audi_stm32feb/fw/hw_usart.vo
                                                  audi_stm32feb/fw/hw_gpio.vo
                                                  audi_stm32feb/fw/hw_can.vo
gpio_toggle                                       libopencm3/lib/stm32/common/gpio_common_all.stm32f1
hard_fault_handler                                libopencm3/lib/cm3/vector.stm32f1
hw_can_clr                                        audi_stm32feb/fw/hw_can.vo
                                                  main.vo
hw_can_disable                                    audi_stm32feb/fw/hw_can.vo
hw_can_get_mscan                                  audi_stm32feb/fw/hw_can.vo
                                                  hw.vo
                                                  car.vo
                                                  main.vo
hw_can_get_msg                                    audi_stm32feb/fw/hw_can.vo
                                                  car.vo
                                                  main.vo
hw_can_get_msg_nums                               audi_stm32feb/fw/hw_can.vo
                                                  car.vo
                                                  main.vo
hw_can_get_pack_nums                              audi_stm32feb/fw/hw_can.vo
                                                  main.vo
hw_can_set_speed                                  audi_stm32feb/fw/hw_can.vo
                                                  car.vo
hw_can_setup                                      audi_stm32feb/fw/hw_can.vo
                                                  hw.vo
hw_can_sleep                                      audi_stm32feb/fw/hw_can.vo
                                                  hw.vo
hw_can_snd_msg                                    audi_stm32feb/fw/hw_can.vo
hw_clock_setup                                    audi_stm32feb/fw/hw_clock.vo
                                                  hw.vo
hw_cpu_sleep                                      audi_stm32feb/fw/hw_sleep.vo
                                                  hw.vo
hw_gpio_acc_off                                   audi_stm32feb/fw/hw_gpio.vo
                                                  main.vo
hw_gpio_acc_on                                    audi_stm32feb/fw/hw_gpio.vo
                                                  main.vo
hw_gpio_clr                                       audi_stm32feb/fw/hw_gpio.vo
hw_gpio_disable                                   audi_stm32feb/fw/hw_gpio.vo
                                                  hw.vo
hw_gpio_ill_off                                   audi_stm32feb/fw/hw_gpio.vo
                                                  main.vo
hw_gpio_ill_on                                    audi_stm32feb/fw/hw_gpio.vo
                                                  main.vo
hw_gpio_rear_off                                  audi_stm32feb/fw/hw_gpio.vo
hw_gpio_rear_on                                   audi_stm32feb/fw/hw_gpio.vo
hw_gpio_set                                       audi_stm32feb/fw/hw_gpio.vo
hw_gpio_set_float                                 audi_stm32feb/fw/hw_gpio.vo
                                                  audi_stm32feb/fw/hw_usart.vo
                                                  audi_stm32feb/fw/hw_can.vo
hw_gpio_setup                                     audi_stm32feb/fw/hw_gpio.vo
                                                  hw.vo
hw_setup                                          hw.vo
                                                  main.vo
hw_sleep                                          hw.vo
                                                  main.vo
hw_systick_callback                               tick.vo
                                                  audi_stm32feb/fw/hw_tick.vo
hw_systick_disable                                audi_stm32feb/fw/hw_tick.vo
                                                  hw.vo
hw_systick_setup                                  audi_stm32feb/fw/hw_tick.vo
                                                  hw.vo
hw_usart_disable                                  audi_stm32feb/fw/hw_usart.vo
                                                  hw.vo
hw_usart_get                                      audi_stm32feb/fw/hw_usart.vo
                                                  hw.vo
                                                  canbox.vo
                                                  main.vo
hw_usart_get_rx                                   audi_stm32feb/fw/hw_usart.vo
hw_usart_get_rx_overflow                          audi_stm32feb/fw/hw_usart.vo
hw_usart_get_tx                                   audi_stm32feb/fw/hw_usart.vo
hw_usart_get_tx_overflow                          audi_stm32feb/fw/hw_usart.vo
hw_usart_read_ch                                  audi_stm32feb/fw/hw_usart.vo
                                                  main.vo
hw_usart_setup                                    audi_stm32feb/fw/hw_usart.vo
                                                  hw.vo
hw_usart_write                                    audi_stm32feb/fw/hw_usart.vo
                                                  canbox.vo
                                                  main.vo
i2c1_er_isr                                       libopencm3/lib/cm3/vector.stm32f1
i2c1_ev_isr                                       libopencm3/lib/cm3/vector.stm32f1
i2c2_er_isr                                       libopencm3/lib/cm3/vector.stm32f1
i2c2_ev_isr                                       libopencm3/lib/cm3/vector.stm32f1
is_timeout                                        car.vo
iwdg_prescaler_busy                               libopencm3/lib/stm32/common/iwdg_common_all.stm32f1
iwdg_reload_busy                                  libopencm3/lib/stm32/common/iwdg_common_all.stm32f1
iwdg_reset                                        libopencm3/lib/stm32/common/iwdg_common_all.stm32f1
iwdg_set_period_ms                                libopencm3/lib/stm32/common/iwdg_common_all.stm32f1
iwdg_start                                        libopencm3/lib/stm32/common/iwdg_common_all.stm32f1
key_cb                                            main.vo
local_heap_setup                                  sbrk.vo
main                                              main.vo
                                                  libopencm3/lib/cm3/vector.stm32f1
max_show_sniff_num                                main.vo
mem_manage_handler                                libopencm3/lib/cm3/vector.stm32f1
msg_idx                                           main.vo
mutex_lock                                        libopencm3/lib/cm3/sync.stm32f1
mutex_trylock                                     libopencm3/lib/cm3/sync.stm32f1
mutex_unlock                                      libopencm3/lib/cm3/sync.stm32f1
nmi_handler                                       libopencm3/lib/cm3/vector.stm32f1
null_handler                                      libopencm3/lib/cm3/vector.stm32f1
nvic_clear_pending_irq                            libopencm3/lib/cm3/nvic.stm32f1
nvic_disable_irq                                  libopencm3/lib/cm3/nvic.stm32f1
                                                  audi_stm32feb/fw/hw_can.vo
nvic_enable_irq                                   libopencm3/lib/cm3/nvic.stm32f1
                                                  audi_stm32feb/fw/hw_usart.vo
                                                  audi_stm32feb/fw/hw_can.vo
nvic_generate_software_interrupt                  libopencm3/lib/cm3/nvic.stm32f1
nvic_get_active_irq                               libopencm3/lib/cm3/nvic.stm32f1
nvic_get_irq_enabled                              libopencm3/lib/cm3/nvic.stm32f1
nvic_get_pending_irq                              libopencm3/lib/cm3/nvic.stm32f1
nvic_set_pending_irq                              libopencm3/lib/cm3/nvic.stm32f1
nvic_set_priority                                 libopencm3/lib/cm3/nvic.stm32f1
                                                  audi_stm32feb/fw/hw_can.vo
otg_fs_isr                                        libopencm3/lib/cm3/vector.stm32f1
pend_sv_handler                                   libopencm3/lib/cm3/vector.stm32f1
print_debug                                       main.vo
print_sniffer                                     main.vo
pvd_isr                                           libopencm3/lib/cm3/vector.stm32f1
pwr_clear_standby_flag                            libopencm3/lib/stm32/common/pwr_common_all.stm32f1
pwr_clear_wakeup_flag                             libopencm3/lib/stm32/common/pwr_common_all.stm32f1
                                                  audi_stm32feb/fw/hw_sleep.vo
pwr_disable_backup_domain_write_protect           libopencm3/lib/stm32/common/pwr_common_all.stm32f1
pwr_disable_power_voltage_detect                  libopencm3/lib/stm32/common/pwr_common_all.stm32f1
pwr_disable_wakeup_pin                            libopencm3/lib/stm32/common/pwr_common_all.stm32f1
pwr_enable_backup_domain_write_protect            libopencm3/lib/stm32/common/pwr_common_all.stm32f1
pwr_enable_power_voltage_detect                   libopencm3/lib/stm32/common/pwr_common_all.stm32f1
pwr_enable_wakeup_pin                             libopencm3/lib/stm32/common/pwr_common_all.stm32f1
pwr_get_standby_flag                              libopencm3/lib/stm32/common/pwr_common_all.stm32f1
pwr_get_wakeup_flag                               libopencm3/lib/stm32/common/pwr_common_all.stm32f1
pwr_set_standby_mode                              libopencm3/lib/stm32/common/pwr_common_all.stm32f1
pwr_set_stop_mode                                 libopencm3/lib/stm32/common/pwr_common_all.stm32f1
                                                  audi_stm32feb/fw/hw_sleep.vo
pwr_voltage_high                                  libopencm3/lib/stm32/common/pwr_common_all.stm32f1
pwr_voltage_regulator_low_power_in_stop           libopencm3/lib/stm32/common/pwr_common_all.stm32f1
                                                  audi_stm32feb/fw/hw_sleep.vo
pwr_voltage_regulator_on_in_stop                  libopencm3/lib/stm32/common/pwr_common_all.stm32f1
rcc_ahb_frequency                                 libopencm3/lib/stm32/f1/rcc.stm32f1
rcc_apb1_frequency                                libopencm3/lib/stm32/f1/rcc.stm32f1
                                                  libopencm3/lib/stm32/common/usart_common_all.stm32f1
rcc_apb2_frequency                                libopencm3/lib/stm32/f1/rcc.stm32f1
                                                  libopencm3/lib/stm32/common/usart_common_all.stm32f1
rcc_backupdomain_reset                            libopencm3/lib/stm32/f1/rcc.stm32f1
rcc_clock_setup_in_hse_12mhz_out_72mhz            libopencm3/lib/stm32/f1/rcc.stm32f1
rcc_clock_setup_in_hse_16mhz_out_72mhz            libopencm3/lib/stm32/f1/rcc.stm32f1
rcc_clock_setup_in_hse_25mhz_out_72mhz            libopencm3/lib/stm32/f1/rcc.stm32f1
rcc_clock_setup_in_hse_8mhz_out_24mhz             libopencm3/lib/stm32/f1/rcc.stm32f1
rcc_clock_setup_in_hse_8mhz_out_72mhz             libopencm3/lib/stm32/f1/rcc.stm32f1
                                                  audi_stm32feb/fw/hw_clock.vo
rcc_clock_setup_in_hsi_out_24mhz                  libopencm3/lib/stm32/f1/rcc.stm32f1
rcc_clock_setup_in_hsi_out_48mhz                  libopencm3/lib/stm32/f1/rcc.stm32f1
rcc_clock_setup_in_hsi_out_64mhz                  libopencm3/lib/stm32/f1/rcc.stm32f1
rcc_css_disable                                   libopencm3/lib/stm32/f1/rcc.stm32f1
rcc_css_enable                                    libopencm3/lib/stm32/f1/rcc.stm32f1
rcc_css_int_clear                                 libopencm3/lib/stm32/f1/rcc.stm32f1
rcc_css_int_flag                                  libopencm3/lib/stm32/f1/rcc.stm32f1
rcc_enable_rtc_clock                              libopencm3/lib/stm32/f1/rcc.stm32f1
rcc_isr                                           libopencm3/lib/cm3/vector.stm32f1
rcc_osc_bypass_disable                            libopencm3/lib/stm32/f1/rcc.stm32f1
rcc_osc_bypass_enable                             libopencm3/lib/stm32/f1/rcc.stm32f1
rcc_osc_off                                       libopencm3/lib/stm32/f1/rcc.stm32f1
rcc_osc_on                                        libopencm3/lib/stm32/f1/rcc.stm32f1
rcc_osc_ready_int_clear                           libopencm3/lib/stm32/f1/rcc.stm32f1
rcc_osc_ready_int_disable                         libopencm3/lib/stm32/f1/rcc.stm32f1
rcc_osc_ready_int_enable                          libopencm3/lib/stm32/f1/rcc.stm32f1
rcc_osc_ready_int_flag                            libopencm3/lib/stm32/f1/rcc.stm32f1
rcc_periph_clock_disable                          libopencm3/lib/stm32/common/rcc_common_all.stm32f1
                                                  audi_stm32feb/fw/hw_can.vo
rcc_periph_clock_enable                           libopencm3/lib/stm32/common/rcc_common_all.stm32f1
                                                  audi_stm32feb/fw/hw_sleep.vo
                                                  audi_stm32feb/fw/hw_usart.vo
                                                  audi_stm32feb/fw/hw_gpio.vo
                                                  audi_stm32feb/fw/hw_can.vo
                                                  audi_stm32feb/fw/hw_clock.vo
rcc_periph_reset_hold                             libopencm3/lib/stm32/common/rcc_common_all.stm32f1
rcc_periph_reset_pulse                            libopencm3/lib/stm32/common/rcc_common_all.stm32f1
rcc_periph_reset_release                          libopencm3/lib/stm32/common/rcc_common_all.stm32f1
rcc_peripheral_clear_reset                        libopencm3/lib/stm32/common/rcc_common_all.stm32f1
                                                  libopencm3/lib/stm32/can.stm32f1
rcc_peripheral_disable_clock                      libopencm3/lib/stm32/common/rcc_common_all.stm32f1
rcc_peripheral_enable_clock                       libopencm3/lib/stm32/common/rcc_common_all.stm32f1
rcc_peripheral_reset                              libopencm3/lib/stm32/common/rcc_common_all.stm32f1
                                                  libopencm3/lib/stm32/can.stm32f1
rcc_rtc_clock_enabled_flag                        libopencm3/lib/stm32/f1/rcc.stm32f1
rcc_set_adcpre                                    libopencm3/lib/stm32/f1/rcc.stm32f1
rcc_set_hpre                                      libopencm3/lib/stm32/f1/rcc.stm32f1
rcc_set_mco                                       libopencm3/lib/stm32/common/rcc_common_all.stm32f1
rcc_set_pll2_multiplication_factor                libopencm3/lib/stm32/f1/rcc.stm32f1
rcc_set_pll3_multiplication_factor                libopencm3/lib/stm32/f1/rcc.stm32f1
rcc_set_pll_multiplication_factor                 libopencm3/lib/stm32/f1/rcc.stm32f1
rcc_set_pll_source                                libopencm3/lib/stm32/f1/rcc.stm32f1
rcc_set_pllxtpre                                  libopencm3/lib/stm32/f1/rcc.stm32f1
rcc_set_ppre1                                     libopencm3/lib/stm32/f1/rcc.stm32f1
rcc_set_ppre2                                     libopencm3/lib/stm32/f1/rcc.stm32f1
rcc_set_prediv1                                   libopencm3/lib/stm32/f1/rcc.stm32f1
rcc_set_prediv1_source                            libopencm3/lib/stm32/f1/rcc.stm32f1
rcc_set_prediv2                                   libopencm3/lib/stm32/f1/rcc.stm32f1
rcc_set_rtc_clock_source                          libopencm3/lib/stm32/f1/rcc.stm32f1
rcc_set_sysclk_source                             libopencm3/lib/stm32/f1/rcc.stm32f1
rcc_set_usbpre                                    libopencm3/lib/stm32/f1/rcc.stm32f1
rcc_system_clock_source                           libopencm3/lib/stm32/f1/rcc.stm32f1
rcc_wait_for_osc_ready                            libopencm3/lib/stm32/f1/rcc.stm32f1
reset_handler                                     libopencm3/lib/cm3/vector.stm32f1
ring_get_overflow                                 ring.vo
                                                  audi_stm32feb/fw/hw_usart.vo
ring_init                                         ring.vo
                                                  audi_stm32feb/fw/hw_usart.vo
ring_read_ch                                      ring.vo
                                                  audi_stm32feb/fw/hw_usart.vo
ring_write                                        ring.vo
                                                  audi_stm32feb/fw/hw_usart.vo
ring_write_ch                                     ring.vo
                                                  audi_stm32feb/fw/hw_usart.vo
rtc_alarm_isr                                     libopencm3/lib/cm3/vector.stm32f1
rtc_isr                                           libopencm3/lib/cm3/vector.stm32f1
sdio_isr                                          libopencm3/lib/cm3/vector.stm32f1
sniffer_on                                        main.vo
spi1_isr                                          libopencm3/lib/cm3/vector.stm32f1
spi2_isr                                          libopencm3/lib/cm3/vector.stm32f1
spi3_isr                                          libopencm3/lib/cm3/vector.stm32f1
strlen                                            /usr/lib/gcc/arm-none-eabi/12.2.1/../../../arm-none-eabi/lib/thumb/v7-m/nofp/libc.a(lib_a-strlen-stub.o)
                                                  canbox.vo
                                                  main.vo
sv_call_handler                                   libopencm3/lib/cm3/vector.stm32f1
sys_tick_handler                                  audi_stm32feb/fw/hw_tick.vo
systick_clear                                     libopencm3/lib/cm3/systick.stm32f1
systick_counter_disable                           libopencm3/lib/cm3/systick.stm32f1
                                                  audi_stm32feb/fw/hw_tick.vo
systick_counter_enable                            libopencm3/lib/cm3/systick.stm32f1