
Discarded input sections

 .group         0x00000000        0xc example.vo
 .group         0x00000000        0xc example.vo
 .group         0x00000000        0xc example.vo
 .group         0x00000000        0xc example.vo
 .group         0x00000000        0xc example.vo
 .group         0x00000000        0xc example.vo
 .group         0x00000000        0xc example.vo
 .group         0x00000000        0xc example.vo
 .group         0x00000000        0xc example.vo
 .group         0x00000000        0xc example.vo
 .group         0x00000000        0xc example.vo
 .group         0x00000000        0xc example.vo
 .group         0x00000000        0xc example.vo
 .group         0x00000000        0xc example.vo
 .group         0x00000000        0xc example.vo
 .group         0x00000000        0xc example.vo
 .text          0x00000000        0x0 example.vo
 .data          0x00000000        0x0 example.vo
 .bss           0x00000000        0x0 example.vo
 .bss.can_rx_msg
                0x00000000       0x18 example.vo
 .bss.can_tx_msg
                0x00000000       0x14 example.vo
 .group         0x00000000        0xc libopencm3/lib/stm32/f1/gpio.stm32f1
 .group         0x00000000        0xc libopencm3/lib/stm32/f1/gpio.stm32f1
 .group         0x00000000        0xc libopencm3/lib/stm32/f1/gpio.stm32f1
 .group         0x00000000        0xc libopencm3/lib/stm32/f1/gpio.stm32f1
 .group         0x00000000        0xc libopencm3/lib/stm32/f1/gpio.stm32f1
 .group         0x00000000        0xc libopencm3/lib/stm32/f1/gpio.stm32f1
 .group         0x00000000        0xc libopencm3/lib/stm32/f1/gpio.stm32f1
 .group         0x00000000        0xc libopencm3/lib/stm32/f1/gpio.stm32f1
 .text          0x00000000        0x0 libopencm3/lib/stm32/f1/gpio.stm32f1
 .data          0x00000000        0x0 libopencm3/lib/stm32/f1/gpio.stm32f1
 .bss           0x00000000        0x0 libopencm3/lib/stm32/f1/gpio.stm32f1
 .text.gpio_set_eventout
                0x00000000       0x10 libopencm3/lib/stm32/f1/gpio.stm32f1
 .text.gpio_primary_remap
                0x00000000       0x18 libopencm3/lib/stm32/f1/gpio.stm32f1
 .text.gpio_secondary_remap
                0x00000000       0x10 libopencm3/lib/stm32/f1/gpio.stm32f1
 .debug_macro   0x00000000      0x34e libopencm3/lib/stm32/f1/gpio.stm32f1
 .debug_macro   0x00000000       0xfa libopencm3/lib/stm32/f1/gpio.stm32f1
 .debug_macro   0x00000000       0x58 libopencm3/lib/stm32/f1/gpio.stm32f1
 .debug_macro   0x00000000       0x76 libopencm3/lib/stm32/f1/gpio.stm32f1
 .debug_macro   0x00000000      0xdfd libopencm3/lib/stm32/f1/gpio.stm32f1
 .group         0x00000000        0xc libopencm3/lib/stm32/f1/rcc.stm32f1
 .group         0x00000000        0xc libopencm3/lib/stm32/f1/rcc.stm32f1
 .group         0x00000000        0xc libopencm3/lib/stm32/f1/rcc.stm32f1
 .group         0x00000000        0xc libopencm3/lib/stm32/f1/rcc.stm32f1
 .group         0x00000000        0xc libopencm3/lib/stm32/f1/rcc.stm32f1
 .group         0x00000000        0xc libopencm3/lib/stm32/f1/rcc.stm32f1
 .group         0x00000000        0xc libopencm3/lib/stm32/f1/rcc.stm32f1
 .group         0x00000000        0xc libopencm3/lib/stm32/f1/rcc.stm32f1
 .group         0x00000000        0xc libopencm3/lib/stm32/f1/rcc.stm32f1
 .group         0x00000000        0xc libopencm3/lib/stm32/f1/rcc.stm32f1
 .text          0x00000000        0x0 libopencm3/lib/stm32/f1/rcc.stm32f1
 .data          0x00000000        0x0 libopencm3/lib/stm32/f1/rcc.stm32f1
 .bss           0x00000000        0x0 libopencm3/lib/stm32/f1/rcc.stm32f1
 .text.rcc_osc_ready_int_clear
                0x00000000       0x5c libopencm3/lib/stm32/f1/rcc.stm32f1
 .text.rcc_osc_ready_int_enable
                0x00000000       0x5c libopencm3/lib/stm32/f1/rcc.stm32f1
 .text.rcc_osc_ready_int_disable
                0x00000000       0x5c libopencm3/lib/stm32/f1/rcc.stm32f1
 .text.rcc_osc_ready_int_flag
                0x00000000       0x54 libopencm3/lib/stm32/f1/rcc.stm32f1
 .text.rcc_css_int_clear
                0x00000000       0x10 libopencm3/lib/stm32/f1/rcc.stm32f1
 .text.rcc_css_int_flag
                0x00000000       0x10 libopencm3/lib/stm32/f1/rcc.stm32f1
 .text.rcc_osc_off
                0x00000000       0x58 libopencm3/lib/stm32/f1/rcc.stm32f1
 .text.rcc_css_enable
                0x00000000       0x10 libopencm3/lib/stm32/f1/rcc.stm32f1
 .text.rcc_css_disable
                0x00000000       0x10 libopencm3/lib/stm32/f1/rcc.stm32f1
 .text.rcc_osc_bypass_enable
                0x00000000       0x28 libopencm3/lib/stm32/f1/rcc.stm32f1
 .text.rcc_osc_bypass_disable
                0x00000000       0x28 libopencm3/lib/stm32/f1/rcc.stm32f1
 .text.rcc_set_pll2_multiplication_factor
                0x00000000       0x14 libopencm3/lib/stm32/f1/rcc.stm32f1
 .text.rcc_set_pll3_multiplication_factor
                0x00000000       0x14 libopencm3/lib/stm32/f1/rcc.stm32f1
 .text.rcc_rtc_clock_enabled_flag
[...]
Memory Configuration

Name             Origin             Length             Attributes
rom              0x08000000         0x00008000         xr
ram              0x20000000         0x00002800         xrw
*default*        0x00000000         0xffffffff

Linker script and memory map

LOAD example.vo
LOAD libopencm3/lib/stm32/f1/gpio.stm32f1
LOAD libopencm3/lib/stm32/f1/rcc.stm32f1
LOAD libopencm3/lib/stm32/f1/pwr.stm32f1
LOAD libopencm3/lib/stm32/f1/flash.stm32f1
LOAD libopencm3/lib/stm32/common/gpio_common_all.stm32f1
LOAD libopencm3/lib/stm32/common/usart_common_all.stm32f1
LOAD libopencm3/lib/stm32/common/usart_common_f124.stm32f1
LOAD libopencm3/lib/stm32/common/rcc_common_all.stm32f1
LOAD libopencm3/lib/stm32/common/pwr_common_all.stm32f1
LOAD libopencm3/lib/cm3/vector.stm32f1
LOAD libopencm3/lib/cm3/systick.stm32f1
LOAD libopencm3/lib/cm3/nvic.stm32f1
LOAD libopencm3/lib/cm3/sync.stm32f1
LOAD libopencm3/lib/stm32/common/flash_common_f01.stm32f1
LOAD libopencm3/lib/stm32/can.stm32f1
LOAD libopencm3/lib/stm32/common/iwdg_common_all.stm32f1
LOAD libopencm3/lib/stm32/common/exti_common_all.stm32f1
LOAD /usr/lib/gcc/arm-none-eabi/12.2.1/../../../arm-none-eabi/lib/thumb/v7-m/nofp/libc.a
LOAD /usr/lib/gcc/arm-none-eabi/12.2.1/../../../arm-none-eabi/lib/thumb/v7-m/nofp/libm.a
START GROUP
LOAD /usr/lib/gcc/arm-none-eabi/12.2.1/thumb/v7-m/nofp/libgcc.a
LOAD /usr/lib/gcc/arm-none-eabi/12.2.1/../../../arm-none-eabi/lib/thumb/v7-m/nofp/libc.a
END GROUP
START GROUP
LOAD /usr/lib/gcc/arm-none-eabi/12.2.1/thumb/v7-m/nofp/libgcc.a
LOAD /usr/lib/gcc/arm-none-eabi/12.2.1/../../../arm-none-eabi/lib/thumb/v7-m/nofp/libc.a
LOAD /usr/lib/gcc/arm-none-eabi/12.2.1/../../../arm-none-eabi/lib/thumb/v7-m/nofp/libnosys.a
END GROUP

.text           0x08000000      0x9f0
 *(.vectors)
 .vectors       0x08000000      0x150 libopencm3/lib/cm3/vector.stm32f1
                0x08000000                vector_table
 *(.text*)
 .text.sys_tick_handler
                0x08000150       0x40 example.vo
                0x08000150                sys_tick_handler
 .text.usb_lp_can_rx0_isr
                0x08000190       0x3c example.vo
                0x08000190                usb_lp_can_rx0_isr
 .text.startup.main
                0x080001cc       0xf4 example.vo
                0x080001cc                main
 .text.gpio_set_mode
                0x080002c0       0x5e libopencm3/lib/stm32/f1/gpio.stm32f1
                0x080002c0                gpio_set_mode
 *fill*         0x0800031e        0x2 
 .text.rcc_osc_on.part.0
                0x08000320       0x10 libopencm3/lib/stm32/f1/rcc.stm32f1
 .text.rcc_wait_for_osc_ready
                0x08000330       0x64 libopencm3/lib/stm32/f1/rcc.stm32f1
                0x08000330                rcc_wait_for_osc_ready
 .text.rcc_osc_on
                0x08000394       0x54 libopencm3/lib/stm32/f1/rcc.stm32f1
                0x08000394                rcc_osc_on
 .text.rcc_set_sysclk_source
                0x080003e8       0x14 libopencm3/lib/stm32/f1/rcc.stm32f1
                0x080003e8                rcc_set_sysclk_source
 .text.rcc_set_pll_multiplication_factor
                0x080003fc       0x14 libopencm3/lib/stm32/f1/rcc.stm32f1
                0x080003fc                rcc_set_pll_multiplication_factor
 .text.rcc_set_pll_source
                0x08000410       0x14 libopencm3/lib/stm32/f1/rcc.stm32f1
                0x08000410                rcc_set_pll_source
 .text.rcc_set_pllxtpre
                0x08000424       0x14 libopencm3/lib/stm32/f1/rcc.stm32f1
                0x08000424                rcc_set_pllxtpre
 .text.rcc_set_adcpre
                0x08000438       0x14 libopencm3/lib/stm32/f1/rcc.stm32f1
                0x08000438                rcc_set_adcpre
 .text.rcc_set_ppre2
                0x0800044c       0x14 libopencm3/lib/stm32/f1/rcc.stm32f1
                0x0800044c                rcc_set_ppre2
 .text.rcc_set_ppre1
                0x08000460       0x14 libopencm3/lib/stm32/f1/rcc.stm32f1
                0x08000460                rcc_set_ppre1
 .text.rcc_set_hpre
                0x08000474       0x14 libopencm3/lib/stm32/f1/rcc.stm32f1
                0x08000474                rcc_set_hpre
 .text.rcc_clock_setup_in_hse_8mhz_out_72mhz
                0x08000488       0x8c libopencm3/lib/stm32/f1/rcc.stm32f1
                0x08000488                rcc_clock_setup_in_hse_8mhz_out_72mhz
 .text.gpio_set
                0x08000514        0x4 libopencm3/lib/stm32/common/gpio_common_all.stm32f1
                0x08000514                gpio_set
 .text.rcc_peripheral_reset
                0x08000518        0x8 libopencm3/lib/stm32/common/rcc_common_all.stm32f1
                0x08000518                rcc_peripheral_reset
 .text.rcc_peripheral_clear_reset
                0x08000520        0xa libopencm3/lib/stm32/common/rcc_common_all.stm32f1
                0x08000520                rcc_peripheral_clear_reset
 .text.rcc_periph_clock_enable
                0x0800052a       0x1a libopencm3/lib/stm32/common/rcc_common_all.stm32f1
                0x0800052a                rcc_periph_clock_enable
 .text.blocking_handler
                0x08000544        0x2 libopencm3/lib/cm3/vector.stm32f1
                0x08000544                usart3_isr
                0x08000544                rtc_isr
                0x08000544                tim7_isr
                0x08000544                adc1_2_isr
                0x08000544                tim1_trg_com_isr
                0x08000544                usb_hp_can_tx_isr
                0x08000544                tim6_isr
                0x08000544                usb_wakeup_isr
                0x08000544                blocking_handler
                0x08000544                tim5_isr
                0x08000544                otg_fs_isr
                0x08000544                spi1_isr
                0x08000544                exti2_isr
                0x08000544                dma1_channel6_isr
                0x08000544                can_rx1_isr
                0x08000544                dma1_channel5_isr
                0x08000544                dma2_channel5_isr
                0x08000544                usart1_isr
                0x08000544                usage_fault_handler
                0x08000544                tim8_trg_com_isr
                0x08000544                can2_rx0_isr
                0x08000544                tim1_brk_isr
                0x08000544                can2_rx1_isr
                0x08000544                tim1_cc_isr
                0x08000544                sdio_isr
                0x08000544                eth_isr
                0x08000544                dma1_channel4_isr
                0x08000544                tim8_brk_isr
                0x08000544                dma2_channel4_5_isr
                0x08000544                pvd_isr
                0x08000544                rcc_isr
                0x08000544                flash_isr
                0x08000544                uart4_isr
                0x08000544                rtc_alarm_isr
                0x08000544                exti15_10_isr
                0x08000544                hard_fault_handler
                0x08000544                exti1_isr
                0x08000544                i2c1_ev_isr
                0x08000544                dma2_channel1_isr
                0x08000544                spi2_isr
                0x08000544                tim8_up_isr
                0x08000544                dma2_channel2_isr
                0x08000544                exti3_isr
                0x08000544                adc3_isr
                0x08000544                tim3_isr
                0x08000544                usart2_isr
                0x08000544                i2c2_er_isr
                0x08000544                i2c2_ev_isr
                0x08000544                uart5_isr
                0x08000544                fsmc_isr
                0x08000544                dma1_channel1_isr
                0x08000544                exti4_isr
                0x08000544                mem_manage_handler
                0x08000544                can2_tx_isr
                0x08000544                exti9_5_isr
                0x08000544                dma2_channel3_isr
                0x08000544                dma1_channel7_isr
                0x08000544                tim1_up_isr
                0x08000544                can2_sce_isr
                0x08000544                tim4_isr
                0x08000544                dma1_channel2_isr
                0x08000544                i2c1_er_isr
                0x08000544                can_sce_isr
                0x08000544                tim8_cc_isr
                0x08000544                tamper_isr
                0x08000544                eth_wkup_isr
                0x08000544                bus_fault_handler
                0x08000544                wwdg_isr
                0x08000544                dma1_channel3_isr
                0x08000544                spi3_isr
                0x08000544                tim2_isr
                0x08000544                exti0_isr
 .text.null_handler
                0x08000546        0x2 libopencm3/lib/cm3/vector.stm32f1
                0x08000546                null_handler
                0x08000546                sv_call_handler
                0x08000546                pend_sv_handler
                0x08000546                debug_monitor_handler
                0x08000546                nmi_handler
 .text.reset_handler
                0x08000548       0x8c libopencm3/lib/cm3/vector.stm32f1
                0x08000548                reset_handler
 .text.systick_set_reload
                0x080005d4       0x10 libopencm3/lib/cm3/systick.stm32f1
                0x080005d4                systick_set_reload
 .text.systick_set_clocksource
                0x080005e4       0x18 libopencm3/lib/cm3/systick.stm32f1
                0x080005e4                systick_set_clocksource
 .text.systick_counter_enable
                0x080005fc       0x10 libopencm3/lib/cm3/systick.stm32f1
                0x080005fc                systick_counter_enable
 .text.nvic_enable_irq
                0x0800060c       0x1a libopencm3/lib/cm3/nvic.stm32f1
                0x0800060c                nvic_enable_irq
 *fill*         0x08000626        0x2 
 .text.nvic_set_priority
                0x08000628       0x20 libopencm3/lib/cm3/nvic.stm32f1
                0x08000628                nvic_set_priority
 .text.flash_set_ws
                0x08000648       0x14 libopencm3/lib/stm32/common/flash_common_f01.stm32f1
                0x08000648                flash_set_ws
 .text.can_reset
                0x0800065c       0x38 libopencm3/lib/stm32/can.stm32f1
                0x0800065c                can_reset
 .text.can_init
                0x08000694      0x12a libopencm3/lib/stm32/can.stm32f1
                0x08000694                can_init
 .text.can_filter_init
                0x080007be       0x8e libopencm3/lib/stm32/can.stm32f1
                0x080007be                can_filter_init
 .text.can_filter_id_mask_32bit_init
                0x0800084c       0x1c libopencm3/lib/stm32/can.stm32f1
                0x0800084c                can_filter_id_mask_32bit_init
 .text.can_enable_irq
                0x08000868        0x8 libopencm3/lib/stm32/can.stm32f1
                0x08000868                can_enable_irq
 .text.can_transmit
                0x08000870       0xca libopencm3/lib/stm32/can.stm32f1
                0x08000870                can_transmit
 .text.can_fifo_release
                0x0800093a       0x16 libopencm3/lib/stm32/can.stm32f1
                0x0800093a                can_fifo_release
 .text.can_receive
                0x08000950       0xa0 libopencm3/lib/stm32/can.stm32f1
                0x08000950                can_receive
                0x080009f0                        . = ALIGN (0x4)
 *(.rodata*)
                0x080009f0                        . = ALIGN (0x4)

.glue_7         0x080009f0        0x0
 .glue_7        0x080009f0        0x0 linker stubs

.glue_7t        0x080009f0        0x0
 .glue_7t       0x080009f0        0x0 linker stubs

.vfp11_veneer   0x080009f0        0x0
 .vfp11_veneer  0x080009f0        0x0 linker stubs

.v4_bx          0x080009f0        0x0
 .v4_bx         0x080009f0        0x0 linker stubs

.iplt           0x080009f0        0x0
 .iplt          0x080009f0        0x0 example.vo

.rel.dyn        0x080009f0        0x0
 .rel.iplt      0x080009f0        0x0 example.vo

.preinit_array  0x080009f0        0x0
                0x080009f0                        . = ALIGN (0x4)
                0x080009f0                        __preinit_array_start = .
 *(.preinit_array)
                0x080009f0                        __preinit_array_end = .

.init_array     0x080009f0        0x0
                0x080009f0                        . = ALIGN (0x4)
                0x080009f0                        __init_array_start = .
 *(SORT_BY_NAME(.init_array.*))
 *(.init_array)
                0x080009f0                        __init_array_end = .

.fini_array     0x080009f0        0x0
                0x080009f0                        . = ALIGN (0x4)
                0x080009f0                        __fini_array_start = .
 *(.fini_array)
 *(SORT_BY_NAME(.fini_array.*))
                0x080009f0                        __fini_array_end = .

.ARM.extab
 *(.ARM.extab*)

.ARM.exidx      0x080009f0        0x0
                0x080009f0                        __exidx_start = .
 *(.ARM.exidx*)
                0x080009f0                        __exidx_end = .
                0x080009f0                        . = ALIGN (0x4)
                0x080009f0                        _etext = .

.data           0x20000000       0x14 load address 0x080009f0
                0x20000000                        _data = .
 *(.data*)
 .data.data.0   0x20000000        0x8 example.vo
 .data.rcc_ahb_frequency
                0x20000008        0x4 libopencm3/lib/stm32/f1/rcc.stm32f1
                0x20000008                rcc_ahb_frequency
 .data.rcc_apb1_frequency
                0x2000000c        0x4 libopencm3/lib/stm32/f1/rcc.stm32f1
                0x2000000c                rcc_apb1_frequency
 .data.rcc_apb2_frequency
                0x20000010        0x4 libopencm3/lib/stm32/f1/rcc.stm32f1
                0x20000010                rcc_apb2_frequency
                0x20000014                        . = ALIGN (0x4)
                0x20000014                        _edata = .
                0x080009f0                        _data_loadaddr = LOADADDR (.data)

.igot.plt       0x20000014        0x0 load address 0x08000a04
 .igot.plt      0x20000014        0x0 example.vo

.bss            0x20000014        0x4 load address 0x08000a04
 *(.bss*)
 .bss.temp32.1  0x20000014        0x4 example.vo
 *(COMMON)
                0x20000018                        . = ALIGN (0x4)
                0x20000018                        _ebss = .

/DISCARD/
 *(.eh_frame)
                0x20000018                        . = ALIGN (0x4)
                0x20000018                        end = .
                0x20002800                        PROVIDE (_stack = (ORIGIN (ram) + LENGTH (ram)))
OUTPUT(example.elf elf32-littlearm)
LOAD linker stubs

.debug_info     0x00000000     0x394e
 .debug_info    0x00000000      0x900 example.vo
 .debug_info    0x00000900      0x1e4 libopencm3/lib/stm32/f1/gpio.stm32f1
 .debug_info    0x00000ae4     0x1254 libopencm3/lib/stm32/f1/rcc.stm32f1
 .debug_info    0x00001d38      0x24e libopencm3/lib/stm32/common/gpio_common_all.stm32f1
 .debug_info    0x00001f86      0x5a5 libopencm3/lib/stm32/common/rcc_common_all.stm32f1
 .debug_info    0x0000252b      0x2c9 libopencm3/lib/cm3/vector.stm32f1
 .debug_info    0x000027f4      0x268 libopencm3/lib/cm3/systick.stm32f1
 .debug_info    0x00002a5c      0x22d libopencm3/lib/cm3/nvic.stm32f1
 .debug_info    0x00002c89      0x28d libopencm3/lib/stm32/common/flash_common_f01.stm32f1
 .debug_info    0x00002f16      0xa38 libopencm3/lib/stm32/can.stm32f1

.debug_abbrev   0x00000000      0xeab
 .debug_abbrev  0x00000000      0x1e6 example.vo
 .debug_abbrev  0x000001e6       0xd0 libopencm3/lib/stm32/f1/gpio.stm32f1
 .debug_abbrev  0x000002b6      0x2b1 libopencm3/lib/stm32/f1/rcc.stm32f1
 .debug_abbrev  0x00000567      0x116 libopencm3/lib/stm32/common/gpio_common_all.stm32f1
 .debug_abbrev  0x0000067d      0x13e libopencm3/lib/stm32/common/rcc_common_all.stm32f1
 .debug_abbrev  0x000007bb      0x149 libopencm3/lib/cm3/vector.stm32f1
 .debug_abbrev  0x00000904      0x155 libopencm3/lib/cm3/systick.stm32f1
 .debug_abbrev  0x00000a59       0xb5 libopencm3/lib/cm3/nvic.stm32f1
 .debug_abbrev  0x00000b0e       0xdf libopencm3/lib/stm32/common/flash_common_f01.stm32f1
 .debug_abbrev  0x00000bed      0x2be libopencm3/lib/stm32/can.stm32f1

.debug_aranges  0x00000000      0x480
 .debug_aranges
                0x00000000       0x30 example.vo
 .debug_aranges
                0x00000030       0x38 libopencm3/lib/stm32/f1/gpio.stm32f1
 .debug_aranges
                0x00000068      0x160 libopencm3/lib/stm32/f1/rcc.stm32f1
 .debug_aranges
                0x000001c8       0x50 libopencm3/lib/stm32/common/gpio_common_all.stm32f1
 .debug_aranges
                0x00000218       0x58 libopencm3/lib/stm32/common/rcc_common_all.stm32f1
 .debug_aranges
                0x00000270       0x30 libopencm3/lib/cm3/vector.stm32f1
 .debug_aranges
                0x000002a0       0x78 libopencm3/lib/cm3/systick.stm32f1
 .debug_aranges
                0x00000318       0x60 libopencm3/lib/cm3/nvic.stm32f1
 .debug_aranges
                0x00000378       0x88 libopencm3/lib/stm32/common/flash_common_f01.stm32f1
 .debug_aranges
                0x00000400       0x80 libopencm3/lib/stm32/can.stm32f1

.debug_rnglists
                0x00000000       0x20
 .debug_rnglists
                0x00000000       0x20 example.vo

.debug_macro    0x00000000     0x49ce
 .debug_macro   0x00000000       0xe6 example.vo
 .debug_macro   0x000000e6      0xaa2 example.vo
 .debug_macro   0x00000b88      0x182 example.vo
 .debug_macro   0x00000d0a      0x34e example.vo
 .debug_macro   0x00001058       0x22 example.vo
 .debug_macro   0x0000107a       0xfa example.vo
 .debug_macro   0x00001174       0x58 example.vo
 .debug_macro   0x000011cc       0x6b example.vo
 .debug_macro   0x00001237      0x1a2 example.vo
 .debug_macro   0x000013d9       0x6a example.vo
 .debug_macro   0x00001443      0x1ba example.vo
 .debug_macro   0x000015fd      0x513 example.vo
 .debug_macro   0x00001b10       0x76 example.vo
 .debug_macro   0x00001b86      0xdfd example.vo
 .debug_macro   0x00002983       0xdc example.vo
 .debug_macro   0x00002a5f       0x82 example.vo
 .debug_macro   0x00002ae1      0x825 example.vo
 .debug_macro   0x00003306       0x70 libopencm3/lib/stm32/f1/gpio.stm32f1
 .debug_macro   0x00003376      0xa8a libopencm3/lib/stm32/f1/gpio.stm32f1
 .debug_macro   0x00003e00       0x22 libopencm3/lib/stm32/f1/gpio.stm32f1
 .debug_macro   0x00003e22      0x1b4 libopencm3/lib/stm32/f1/gpio.stm32f1
 .debug_macro   0x00003fd6       0x97 libopencm3/lib/stm32/f1/rcc.stm32f1
 .debug_macro   0x0000406d       0x16 libopencm3/lib/stm32/f1/rcc.stm32f1
 .debug_macro   0x00004083       0x76 libopencm3/lib/stm32/common/gpio_common_all.stm32f1
 .debug_macro   0x000040f9       0x86 libopencm3/lib/stm32/common/rcc_common_all.stm32f1
 .debug_macro   0x0000417f       0x87 libopencm3/lib/cm3/vector.stm32f1
 .debug_macro   0x00004206      0x3a1 libopencm3/lib/cm3/vector.stm32f1
 .debug_macro   0x000045a7       0x71 libopencm3/lib/cm3/vector.stm32f1
 .debug_macro   0x00004618       0x4a libopencm3/lib/cm3/systick.stm32f1
 .debug_macro   0x00004662       0x64 libopencm3/lib/cm3/systick.stm32f1
 .debug_macro   0x000046c6       0x6b libopencm3/lib/cm3/nvic.stm32f1
 .debug_macro   0x00004731      0x1b0 libopencm3/lib/cm3/nvic.stm32f1
 .debug_macro   0x000048e1       0x70 libopencm3/lib/stm32/common/flash_common_f01.stm32f1
 .debug_macro   0x00004951       0x7d libopencm3/lib/stm32/can.stm32f1

.debug_line     0x00000000     0x29d3
 .debug_line    0x00000000      0x30e example.vo
 .debug_line    0x0000030e      0x272 libopencm3/lib/stm32/f1/gpio.stm32f1
 .debug_line    0x00000580      0xc26 libopencm3/lib/stm32/f1/rcc.stm32f1
 .debug_line    0x000011a6      0x294 libopencm3/lib/stm32/common/gpio_common_all.stm32f1
 .debug_line    0x0000143a      0x2b2 libopencm3/lib/stm32/common/rcc_common_all.stm32f1
 .debug_line    0x000016ec      0x2cd libopencm3/lib/cm3/vector.stm32f1
 .debug_line    0x000019b9      0x27e libopencm3/lib/cm3/systick.stm32f1
 .debug_line    0x00001c37      0x29f libopencm3/lib/cm3/nvic.stm32f1
 .debug_line    0x00001ed6      0x3a8 libopencm3/lib/stm32/common/flash_common_f01.stm32f1
 .debug_line    0x0000227e      0x755 libopencm3/lib/stm32/can.stm32f1

.debug_str      0x00000000    0x10aee
 .debug_str     0x00000000     0xd282 example.vo
                               0xd464 (size before relaxing)
 .debug_str     0x0000d282      0x4bc libopencm3/lib/stm32/f1/gpio.stm32f1
                               0x8113 (size before relaxing)
 .debug_str     0x0000d73e      0x511 libopencm3/lib/stm32/f1/rcc.stm32f1
                               0x7938 (size before relaxing)
 .debug_str     0x0000dc4f       0x83 libopencm3/lib/stm32/common/gpio_common_all.stm32f1
                               0x8126 (size before relaxing)
 .debug_str     0x0000dcd2      0x340 libopencm3/lib/stm32/common/rcc_common_all.stm32f1
                               0x7260 (size before relaxing)
 .debug_str     0x0000e012     0x1d09 libopencm3/lib/cm3/vector.stm32f1
                               0x627d (size before relaxing)
 .debug_str     0x0000fd1b       0xe4 libopencm3/lib/cm3/systick.stm32f1
                               0x40cf (size before relaxing)
 .debug_str     0x0000fdff      0x9d7 libopencm3/lib/cm3/nvic.stm32f1
                               0x4f7c (size before relaxing)
 .debug_str     0x000107d6      0x193 libopencm3/lib/stm32/common/flash_common_f01.stm32f1
                               0x51be (size before relaxing)
 .debug_str     0x00010969      0x185 libopencm3/lib/stm32/can.stm32f1
                               0x868c (size before relaxing)

.comment        0x00000000       0x77
 .comment       0x00000000       0x26 example.vo
                                 0x27 (size before relaxing)
 .comment       0x00000026       0x51 libopencm3/lib/stm32/f1/gpio.stm32f1
                                 0x52 (size before relaxing)
 .comment       0x00000077       0x52 libopencm3/lib/stm32/f1/rcc.stm32f1
 .comment       0x00000077       0x52 libopencm3/lib/stm32/common/gpio_common_all.stm32f1
 .comment       0x00000077       0x52 libopencm3/lib/stm32/common/rcc_common_all.stm32f1
 .comment       0x00000077       0x52 libopencm3/lib/cm3/vector.stm32f1
 .comment       0x00000077       0x52 libopencm3/lib/cm3/systick.stm32f1
 .comment       0x00000077       0x52 libopencm3/lib/cm3/nvic.stm32f1
 .comment       0x00000077       0x52 libopencm3/lib/stm32/common/flash_common_f01.stm32f1
 .comment       0x00000077       0x52 libopencm3/lib/stm32/can.stm32f1

.ARM.attributes
                0x00000000       0x2d
 .ARM.attributes
                0x00000000       0x2d example.vo
 .ARM.attributes
                0x0000002d       0x2d libopencm3/lib/stm32/f1/gpio.stm32f1
 .ARM.attributes
                0x0000005a       0x2d libopencm3/lib/stm32/f1/rcc.stm32f1
 .ARM.attributes
                0x00000087       0x2d libopencm3/lib/stm32/common/gpio_common_all.stm32f1
 .ARM.attributes
                0x000000b4       0x2d libopencm3/lib/stm32/common/rcc_common_all.stm32f1
 .ARM.attributes
                0x000000e1       0x2d libopencm3/lib/cm3/vector.stm32f1
 .ARM.attributes
                0x0000010e       0x2d libopencm3/lib/cm3/systick.stm32f1
 .ARM.attributes
                0x0000013b       0x2d libopencm3/lib/cm3/nvic.stm32f1
 .ARM.attributes
                0x00000168       0x2d libopencm3/lib/stm32/common/flash_common_f01.stm32f1
 .ARM.attributes
                0x00000195       0x2d libopencm3/lib/stm32/can.stm32f1

.debug_frame    0x00000000      0x93c
 .debug_frame   0x00000000       0x64 example.vo
 .debug_frame   0x00000064       0x60 libopencm3/lib/stm32/f1/gpio.stm32f1
 .debug_frame   0x000000c4      0x2e8 libopencm3/lib/stm32/f1/rcc.stm32f1
 .debug_frame   0x000003ac       0x80 libopencm3/lib/stm32/common/gpio_common_all.stm32f1
 .debug_frame   0x0000042c       0xb0 libopencm3/lib/stm32/common/rcc_common_all.stm32f1
 .debug_frame   0x000004dc       0x40 libopencm3/lib/cm3/vector.stm32f1
 .debug_frame   0x0000051c       0xd8 libopencm3/lib/cm3/systick.stm32f1
 .debug_frame   0x000005f4       0xa0 libopencm3/lib/cm3/nvic.stm32f1
 .debug_frame   0x00000694      0x120 libopencm3/lib/stm32/common/flash_common_f01.stm32f1
 .debug_frame   0x000007b4      0x188 libopencm3/lib/stm32/can.stm32f1

.debug_loc      0x00000000     0x17b2
 .debug_loc     0x00000000      0x16b libopencm3/lib/stm32/f1/gpio.stm32f1
 .debug_loc     0x0000016b      0x4b6 libopencm3/lib/stm32/f1/rcc.stm32f1
 .debug_loc     0x00000621       0xbe libopencm3/lib/stm32/common/gpio_common_all.stm32f1
 .debug_loc     0x000006df      0x128 libopencm3/lib/stm32/common/rcc_common_all.stm32f1
 .debug_loc     0x00000807       0xff libopencm3/lib/cm3/vector.stm32f1
 .debug_loc     0x00000906      0x192 libopencm3/lib/cm3/systick.stm32f1
 .debug_loc     0x00000a98      0x14d libopencm3/lib/cm3/nvic.stm32f1
 .debug_loc     0x00000be5       0xef libopencm3/lib/stm32/common/flash_common_f01.stm32f1
 .debug_loc     0x00000cd4      0xade libopencm3/lib/stm32/can.stm32f1

.debug_ranges   0x00000000      0x448
 .debug_ranges  0x00000000       0x28 libopencm3/lib/stm32/f1/gpio.stm32f1
 .debug_ranges  0x00000028      0x1c0 libopencm3/lib/stm32/f1/rcc.stm32f1
 .debug_ranges  0x000001e8       0x40 libopencm3/lib/stm32/common/gpio_common_all.stm32f1
 .debug_ranges  0x00000228       0x48 libopencm3/lib/stm32/common/rcc_common_all.stm32f1
 .debug_ranges  0x00000270       0x20 libopencm3/lib/cm3/vector.stm32f1
 .debug_ranges  0x00000290       0x80 libopencm3/lib/cm3/systick.stm32f1
 .debug_ranges  0x00000310       0x50 libopencm3/lib/cm3/nvic.stm32f1
 .debug_ranges  0x00000360       0x78 libopencm3/lib/stm32/common/flash_common_f01.stm32f1
 .debug_ranges  0x000003d8       0x70 libopencm3/lib/stm32/can.stm32f1

Cross Reference Table

Symbol                                            File
__dmb                                             libopencm3/lib/cm3/sync.stm32f1
__fini_array_end                                  libopencm3/lib/cm3/vector.stm32f1
__fini_array_start                                libopencm3/lib/cm3/vector.stm32f1
__init_array_end                                  libopencm3/lib/cm3/vector.stm32f1
__init_array_start                                libopencm3/lib/cm3/vector.stm32f1
__ldrex                                           libopencm3/lib/cm3/sync.stm32f1
__preinit_array_end                               libopencm3/lib/cm3/vector.stm32f1
__preinit_array_start                             libopencm3/lib/cm3/vector.stm32f1
__strex                                           libopencm3/lib/cm3/sync.stm32f1
_data                                             libopencm3/lib/cm3/vector.stm32f1
_data_loadaddr                                    libopencm3/lib/cm3/vector.stm32f1
_ebss                                             libopencm3/lib/cm3/vector.stm32f1
_edata                                            libopencm3/lib/cm3/vector.stm32f1
_stack                                            libopencm3/lib/cm3/vector.stm32f1
adc1_2_isr                                        libopencm3/lib/cm3/vector.stm32f1
adc3_isr                                          libopencm3/lib/cm3/vector.stm32f1
blocking_handler                                  libopencm3/lib/cm3/vector.stm32f1
bus_fault_handler                                 libopencm3/lib/cm3/vector.stm32f1
can2_rx0_isr                                      libopencm3/lib/cm3/vector.stm32f1
can2_rx1_isr                                      libopencm3/lib/cm3/vector.stm32f1
can2_sce_isr                                      libopencm3/lib/cm3/vector.stm32f1
can2_tx_isr                                       libopencm3/lib/cm3/vector.stm32f1
can_available_mailbox                             libopencm3/lib/stm32/can.stm32f1
can_disable_irq                                   libopencm3/lib/stm32/can.stm32f1
can_enable_irq                                    libopencm3/lib/stm32/can.stm32f1
                                                  example.vo
can_fifo_release                                  libopencm3/lib/stm32/can.stm32f1
                                                  example.vo
can_filter_id_list_16bit_init                     libopencm3/lib/stm32/can.stm32f1
can_filter_id_list_32bit_init                     libopencm3/lib/stm32/can.stm32f1
can_filter_id_mask_16bit_init                     libopencm3/lib/stm32/can.stm32f1
can_filter_id_mask_32bit_init                     libopencm3/lib/stm32/can.stm32f1
                                                  example.vo
can_filter_init                                   libopencm3/lib/stm32/can.stm32f1
can_init                                          libopencm3/lib/stm32/can.stm32f1
                                                  example.vo
can_receive                                       libopencm3/lib/stm32/can.stm32f1
                                                  example.vo
can_reset                                         libopencm3/lib/stm32/can.stm32f1
                                                  example.vo
can_rx1_isr                                       libopencm3/lib/cm3/vector.stm32f1
can_rx_msg                                        example.vo
can_sce_isr                                       libopencm3/lib/cm3/vector.stm32f1
can_transmit                                      libopencm3/lib/stm32/can.stm32f1
                                                  example.vo
can_tx_msg                                        example.vo
cm3_assert_failed                                 libopencm3/lib/stm32/f1/rcc.stm32f1
debug_monitor_handler                             libopencm3/lib/cm3/vector.stm32f1
dma1_channel1_isr                                 libopencm3/lib/cm3/vector.stm32f1
dma1_channel2_isr                                 libopencm3/lib/cm3/vector.stm32f1
dma1_channel3_isr                                 libopencm3/lib/cm3/vector.stm32f1
dma1_channel4_isr                                 libopencm3/lib/cm3/vector.stm32f1
dma1_channel5_isr                                 libopencm3/lib/cm3/vector.stm32f1
dma1_channel6_isr                                 libopencm3/lib/cm3/vector.stm32f1
dma1_channel7_isr                                 libopencm3/lib/cm3/vector.stm32f1
dma2_channel1_isr                                 libopencm3/lib/cm3/vector.stm32f1
dma2_channel2_isr                                 libopencm3/lib/cm3/vector.stm32f1
dma2_channel3_isr                                 libopencm3/lib/cm3/vector.stm32f1
dma2_channel4_5_isr                               libopencm3/lib/cm3/vector.stm32f1
dma2_channel5_isr                                 libopencm3/lib/cm3/vector.stm32f1
eth_isr                                           libopencm3/lib/cm3/vector.stm32f1
eth_wkup_isr                                      libopencm3/lib/cm3/vector.stm32f1
exti0_isr                                         libopencm3/lib/cm3/vector.stm32f1
exti15_10_isr                                     libopencm3/lib/cm3/vector.stm32f1
exti1_isr                                         libopencm3/lib/cm3/vector.stm32f1
exti2_isr                                         libopencm3/lib/cm3/vector.stm32f1
exti3_isr                                         libopencm3/lib/cm3/vector.stm32f1
exti4_isr                                         libopencm3/lib/cm3/vector.stm32f1
exti9_5_isr                                       libopencm3/lib/cm3/vector.stm32f1
exti_disable_request                              libopencm3/lib/stm32/common/exti_common_all.stm32f1
exti_enable_request                               libopencm3/lib/stm32/common/exti_common_all.stm32f1
exti_get_flag_status                              libopencm3/lib/stm32/common/exti_common_all.stm32f1
exti_reset_request                                libopencm3/lib/stm32/common/exti_common_all.stm32f1
exti_select_source                                libopencm3/lib/stm32/common/exti_common_all.stm32f1
exti_set_trigger                                  libopencm3/lib/stm32/common/exti_common_all.stm32f1
flash_clear_bsy_flag                              libopencm3/lib/stm32/common/flash_common_f01.stm32f1
                                                  libopencm3/lib/stm32/f1/flash.stm32f1
flash_clear_bsy_flag_upper                        libopencm3/lib/stm32/f1/flash.stm32f1
flash_clear_eop_flag                              libopencm3/lib/stm32/common/flash_common_f01.stm32f1
                                                  libopencm3/lib/stm32/f1/flash.stm32f1
flash_clear_eop_flag_upper                        libopencm3/lib/stm32/f1/flash.stm32f1
flash_clear_pgerr_flag                            libopencm3/lib/stm32/common/flash_common_f01.stm32f1
                                                  libopencm3/lib/stm32/f1/flash.stm32f1
flash_clear_pgerr_flag_upper                      libopencm3/lib/stm32/f1/flash.stm32f1
flash_clear_status_flags                          libopencm3/lib/stm32/f1/flash.stm32f1
flash_clear_wrprterr_flag                         libopencm3/lib/stm32/common/flash_common_f01.stm32f1
                                                  libopencm3/lib/stm32/f1/flash.stm32f1
flash_clear_wrprterr_flag_upper                   libopencm3/lib/stm32/f1/flash.stm32f1
flash_erase_all_pages                             libopencm3/lib/stm32/f1/flash.stm32f1
flash_erase_option_bytes                          libopencm3/lib/stm32/common/flash_common_f01.stm32f1
flash_erase_page                                  libopencm3/lib/stm32/f1/flash.stm32f1
flash_get_status_flags                            libopencm3/lib/stm32/f1/flash.stm32f1
                                                  libopencm3/lib/stm32/common/flash_common_f01.stm32f1
flash_halfcycle_disable                           libopencm3/lib/stm32/f1/flash.stm32f1
flash_halfcycle_enable                            libopencm3/lib/stm32/f1/flash.stm32f1
flash_isr                                         libopencm3/lib/cm3/vector.stm32f1
flash_lock                                        libopencm3/lib/stm32/common/flash_common_f01.stm32f1
flash_lock_upper                                  libopencm3/lib/stm32/f1/flash.stm32f1
flash_prefetch_buffer_disable                     libopencm3/lib/stm32/common/flash_common_f01.stm32f1
flash_prefetch_buffer_enable                      libopencm3/lib/stm32/common/flash_common_f01.stm32f1
flash_program_half_word                           libopencm3/lib/stm32/f1/flash.stm32f1
                                                  libopencm3/lib/stm32/common/flash_common_f01.stm32f1
flash_program_option_bytes                        libopencm3/lib/stm32/common/flash_common_f01.stm32f1
flash_program_word                                libopencm3/lib/stm32/common/flash_common_f01.stm32f1
flash_set_ws                                      libopencm3/lib/stm32/common/flash_common_f01.stm32f1
                                                  libopencm3/lib/stm32/f1/rcc.stm32f1
flash_unlock                                      libopencm3/lib/stm32/common/flash_common_f01.stm32f1
flash_unlock_option_bytes                         libopencm3/lib/stm32/common/flash_common_f01.stm32f1
flash_unlock_upper                                libopencm3/lib/stm32/f1/flash.stm32f1
flash_wait_for_last_operation                     libopencm3/lib/stm32/common/flash_common_f01.stm32f1
                                                  libopencm3/lib/stm32/f1/flash.stm32f1
fsmc_isr                                          libopencm3/lib/cm3/vector.stm32f1
gpio_clear                                        libopencm3/lib/stm32/common/gpio_common_all.stm32f1
gpio_get                                          libopencm3/lib/stm32/common/gpio_common_all.stm32f1
gpio_port_config_lock                             libopencm3/lib/stm32/common/gpio_common_all.stm32f1
gpio_port_read                                    libopencm3/lib/stm32/common/gpio_common_all.stm32f1
gpio_port_write                                   libopencm3/lib/stm32/common/gpio_common_all.stm32f1
gpio_primary_remap                                libopencm3/lib/stm32/f1/gpio.stm32f1
gpio_secondary_remap                              libopencm3/lib/stm32/f1/gpio.stm32f1
gpio_set                                          libopencm3/lib/stm32/common/gpio_common_all.stm32f1
                                                  example.vo
gpio_set_eventout                                 libopencm3/lib/stm32/f1/gpio.stm32f1
gpio_set_mode                                     libopencm3/lib/stm32/f1/gpio.stm32f1
                                                  example.vo
gpio_toggle                                       libopencm3/lib/stm32/common/gpio_common_all.stm32f1
hard_fault_handler                                libopencm3/lib/cm3/vector.stm32f1
i2c1_er_isr                                       libopencm3/lib/cm3/vector.stm32f1
i2c1_ev_isr                                       libopencm3/lib/cm3/vector.stm32f1
i2c2_er_isr                                       libopencm3/lib/cm3/vector.stm32f1
i2c2_ev_isr                                       libopencm3/lib/cm3/vector.stm32f1
iwdg_prescaler_busy                               libopencm3/lib/stm32/common/iwdg_common_all.stm32f1
iwdg_reload_busy                                  libopencm3/lib/stm32/common/iwdg_common_all.stm32f1
iwdg_reset                                        libopencm3/lib/stm32/common/iwdg_common_all.stm32f1
iwdg_set_period_ms                                libopencm3/lib/stm32/common/iwdg_common_all.stm32f1
iwdg_start                                        libopencm3/lib/stm32/common/iwdg_common_all.stm32f1
main                                              example.vo
                                                  libopencm3/lib/cm3/vector.stm32f1
mem_manage_handler                                libopencm3/lib/cm3/vector.stm32f1
mutex_lock                                        libopencm3/lib/cm3/sync.stm32f1
mutex_trylock                                     libopencm3/lib/cm3/sync.stm32f1
mutex_unlock                                      libopencm3/lib/cm3/sync.stm32f1
nmi_handler                                       libopencm3/lib/cm3/vector.stm32f1
null_handler                                      libopencm3/lib/cm3/vector.stm32f1
nvic_clear_pending_irq                            libopencm3/lib/cm3/nvic.stm32f1
nvic_disable_irq                                  libopencm3/lib/cm3/nvic.stm32f1
nvic_enable_irq                                   libopencm3/lib/cm3/nvic.stm32f1
                                                  example.vo
nvic_generate_software_interrupt                  libopencm3/lib/cm3/nvic.stm32f1
nvic_get_active_irq                               libopencm3/lib/cm3/nvic.stm32f1
nvic_get_irq_enabled                              libopencm3/lib/cm3/nvic.stm32f1
nvic_get_pending_irq                              libopencm3/lib/cm3/nvic.stm32f1
nvic_set_pending_irq                              libopencm3/lib/cm3/nvic.stm32f1
nvic_set_priority                                 libopencm3/lib/cm3/nvic.stm32f1
                                                  example.vo
otg_fs_isr                                        libopencm3/lib/cm3/vector.stm32f1
pend_sv_handler                                   libopencm3/lib/cm3/vector.stm32f1
pvd_isr                                           libopencm3/lib/cm3/vector.stm32f1
pwr_clear_standby_flag                            libopencm3/lib/stm32/common/pwr_common_all.stm32f1
pwr_clear_wakeup_flag                             libopencm3/lib/stm32/common/pwr_common_all.stm32f1
pwr_disable_backup_domain_write_protect           libopencm3/lib/stm32/common/pwr_common_all.stm32f1
pwr_disable_power_voltage_detect                  libopencm3/lib/stm32/common/pwr_common_all.stm32f1
pwr_disable_wakeup_pin                            libopencm3/lib/stm32/common/pwr_common_all.stm32f1
pwr_enable_backup_domain_write_protect            libopencm3/lib/stm32/common/pwr_common_all.stm32f1
pwr_enable_power_voltage_detect                   libopencm3/lib/stm32/common/pwr_common_all.stm32f1
pwr_enable_wakeup_pin                             libopencm3/lib/stm32/common/pwr_common_all.stm32f1
pwr_get_standby_flag                              libopencm3/lib/stm32/common/pwr_common_all.stm32f1
pwr_get_wakeup_flag                               libopencm3/lib/stm32/common/pwr_common_all.stm32f1
pwr_set_standby_mode                              libopencm3/lib/stm32/common/pwr_common_all.stm32f1
pwr_set_stop_mode                                 libopencm3/lib/stm32/common/pwr_common_all.stm32f1
pwr_voltage_high                                  libopencm3/lib/stm32/common/pwr_common_all.stm32f1
pwr_voltage_regulator_low_power_in_stop           libopencm3/lib/stm32/common/pwr_common_all.stm32f1
pwr_voltage_regulator_on_in_stop                  libopencm3/lib/stm32/common/pwr_common_all.stm32f1
rcc_ahb_frequency                                 libopencm3/lib/stm32/f1/rcc.stm32f1
rcc_apb1_frequency                                libopencm3/lib/stm32/f1/rcc.stm32f1
                                                  libopencm3/lib/stm32/common/usart_common_all.stm32f1
rcc_apb2_frequency                                libopencm3/lib/stm32/f1/rcc.stm32f1
                                                  libopencm3/lib/stm32/common/usart_common_all.stm32f1
rcc_backupdomain_reset                            libopencm3/lib/stm32/f1/rcc.stm32f1
rcc_clock_setup_in_hse_12mhz_out_72mhz            libopencm3/lib/stm32/f1/rcc.stm32f1
rcc_clock_setup_in_hse_16mhz_out_72mhz            libopencm3/lib/stm32/f1/rcc.stm32f1
rcc_clock_setup_in_hse_25mhz_out_72mhz            libopencm3/lib/stm32/f1/rcc.stm32f1
rcc_clock_setup_in_hse_8mhz_out_24mhz             libopencm3/lib/stm32/f1/rcc.stm32f1
rcc_clock_setup_in_hse_8mhz_out_72mhz             libopencm3/lib/stm32/f1/rcc.stm32f1
                                                  example.vo
rcc_clock_setup_in_hsi_out_24mhz                  libopencm3/lib/stm32/f1/rcc.stm32f1
rcc_clock_setup_in_hsi_out_48mhz                  libopencm3/lib/stm32/f1/rcc.stm32f1
rcc_clock_setup_in_hsi_out_64mhz                  libopencm3/lib/stm32/f1/rcc.stm32f1
rcc_css_disable                                   libopencm3/lib/stm32/f1/rcc.stm32f1
rcc_css_enable                                    libopencm3/lib/stm32/f1/rcc.stm32f1
rcc_css_int_clear                                 libopencm3/lib/stm32/f1/rcc.stm32f1
rcc_css_int_flag                                  libopencm3/lib/stm32/f1/rcc.stm32f1
rcc_enable_rtc_clock                              libopencm3/lib/stm32/f1/rcc.stm32f1
rcc_isr                                           libopencm3/lib/cm3/vector.stm32f1
rcc_osc_bypass_disable                            libopencm3/lib/stm32/f1/rcc.stm32f1
rcc_osc_bypass_enable                             libopencm3/lib/stm32/f1/rcc.stm32f1
rcc_osc_off                                       libopencm3/lib/stm32/f1/rcc.stm32f1
rcc_osc_on                                        libopencm3/lib/stm32/f1/rcc.stm32f1
rcc_osc_ready_int_clear                           libopencm3/lib/stm32/f1/rcc.stm32f1
rcc_osc_ready_int_disable                         libopencm3/lib/stm32/f1/rcc.stm32f1
rcc_osc_ready_int_enable                          libopencm3/lib/stm32/f1/rcc.stm32f1
rcc_osc_ready_int_flag                            libopencm3/lib/stm32/f1/rcc.stm32f1
rcc_periph_clock_disable                          libopencm3/lib/stm32/common/rcc_common_all.stm32f1
rcc_periph_clock_enable                           libopencm3/lib/stm32/common/rcc_common_all.stm32f1
                                                  example.vo
rcc_periph_reset_hold                             libopencm3/lib/stm32/common/rcc_common_all.stm32f1
rcc_periph_reset_pulse                            libopencm3/lib/stm32/common/rcc_common_all.stm32f1
rcc_periph_reset_release                          libopencm3/lib/stm32/common/rcc_common_all.stm32f1
rcc_peripheral_clear_reset                        libopencm3/lib/stm32/common/rcc_common_all.stm32f1
                                                  libopencm3/lib/stm32/can.stm32f1
rcc_peripheral_disable_clock                      libopencm3/lib/stm32/common/rcc_common_all.stm32f1
rcc_peripheral_enable_clock                       libopencm3/lib/stm32/common/rcc_common_all.stm32f1
rcc_peripheral_reset                              libopencm3/lib/stm32/common/rcc_common_all.stm32f1
                                                  libopencm3/lib/stm32/can.stm32f1
rcc_rtc_clock_enabled_flag                        libopencm3/lib/stm32/f1/rcc.stm32f1
rcc_set_adcpre                                    libopencm3/lib/stm32/f1/rcc.stm32f1
rcc_set_hpre                                      libopencm3/lib/stm32/f1/rcc.stm32f1
rcc_set_mco                                       libopencm3/lib/stm32/common/rcc_common_all.stm32f1
rcc_set_pll2_multiplication_factor                libopencm3/lib/stm32/f1/rcc.stm32f1
rcc_set_pll3_multiplication_factor                libopencm3/lib/stm32/f1/rcc.stm32f1
rcc_set_pll_multiplication_factor                 libopencm3/lib/stm32/f1/rcc.stm32f1
rcc_set_pll_source                                libopencm3/lib/stm32/f1/rcc.stm32f1
rcc_set_pllxtpre                                  libopencm3/lib/stm32/f1/rcc.stm32f1
rcc_set_ppre1                                     libopencm3/lib/stm32/f1/rcc.stm32f1
rcc_set_ppre2                                     libopencm3/lib/stm32/f1/rcc.stm32f1
rcc_set_prediv1                                   libopencm3/lib/stm32/f1/rcc.stm32f1
rcc_set_prediv1_source                            libopencm3/lib/stm32/f1/rcc.stm32f1
rcc_set_prediv2                                   libopencm3/lib/stm32/f1/rcc.stm32f1
rcc_set_rtc_clock_source                          libopencm3/lib/stm32/f1/rcc.stm32f1
rcc_set_sysclk_source                             libopencm3/lib/stm32/f1/rcc.stm32f1
rcc_set_usbpre                                    libopencm3/lib/stm32/f1/rcc.stm32f1
rcc_system_clock_source                           libopencm3/lib/stm32/f1/rcc.stm32f1
rcc_wait_for_osc_ready                            libopencm3/lib/stm32/f1/rcc.stm32f1
reset_handler                                     libopencm3/lib/cm3/vector.stm32f1
rtc_alarm_isr                                     libopencm3/lib/cm3/vector.stm32f1
rtc_isr                                           libopencm3/lib/cm3/vector.stm32f1
sdio_isr                                          libopencm3/lib/cm3/vector.stm32f1
spi1_isr                                          libopencm3/lib/cm3/vector.stm32f1
spi2_isr                                          libopencm3/lib/cm3/vector.stm32f1
spi3_isr                                          libopencm3/lib/cm3/vector.stm32f1
sv_call_handler                                   libopencm3/lib/cm3/vector.stm32f1
sys_tick_handler                                  example.vo
systick_clear                                     libopencm3/lib/cm3/systick.stm32f1
systick_counter_disable                           libopencm3/lib/cm3/systick.stm32f1
systick_counter_enable                            libopencm3/lib/cm3/systick.stm32f1
                                                  example.vo
systick_get_calib                                 libopencm3/lib/cm3/systick.stm32f1
systick_get_countflag                             libopencm3/lib/cm3/systick.stm32f1
systick_get_reload                                libopencm3/lib/cm3/systick.stm32f1
systick_get_value                                 libopencm3/lib/cm3/systick.stm32f1
systick_interrupt_disable                         libopencm3/lib/cm3/systick.stm32f1
systick_interrupt_enable                          libopencm3/lib/cm3/systick.stm32f1
systick_set_clocksource                           libopencm3/lib/cm3/systick.stm32f1
                                                  example.vo
systick_set_frequency                             libopencm3/lib/cm3/systick.stm32f1
systick_set_reload                                libopencm3/lib/cm3/systick.stm32f1
                                                  example.vo
tamper_isr                                        libopencm3/lib/cm3/vector.stm32f1
tim1_brk_isr                                      libopencm3/lib/cm3/vector.stm32f1
tim1_cc_isr                                       libopencm3/lib/cm3/vector.stm32f1
tim1_trg_com_isr                                  libopencm3/lib/cm3/vector.stm32f1
tim1_up_isr                                       libopencm3/lib/cm3/vector.stm32f1
tim2_isr                                          libopencm3/lib/cm3/vector.stm32f1
tim3_isr                                          libopencm3/lib/cm3/vector.stm32f1
tim4_isr                                          libopencm3/lib/cm3/vector.stm32f1
tim5_isr                                          libopencm3/lib/cm3/vector.stm32f1
tim6_isr                                          libopencm3/lib/cm3/vector.stm32f1
tim7_isr                                          libopencm3/lib/cm3/vector.stm32f1
tim8_brk_isr                                      libopencm3/lib/cm3/vector.stm32f1
tim8_cc_isr                                       libopencm3/lib/cm3/vector.stm32f1
tim8_trg_com_isr                                  libopencm3/lib/cm3/vector.stm32f1
tim8_up_isr                                       libopencm3/lib/cm3/vector.stm32f1
uart4_isr                                         libopencm3/lib/cm3/vector.stm32f1
uart5_isr                                         libopencm3/lib/cm3/vector.stm32f1
usage_fault_handler                               libopencm3/lib/cm3/vector.stm32f1
usart1_isr                                        libopencm3/lib/cm3/vector.stm32f1
usart2_isr                                        libopencm3/lib/cm3/vector.stm32f1
usart3_isr                                        libopencm3/lib/cm3/vector.stm32f1
usart_disable                                     libopencm3/lib/stm32/common/usart_common_all.stm32f1
usart_disable_error_interrupt                     libopencm3/lib/stm32/common/usart_common_all.stm32f1
usart_disable_rx_dma                              libopencm3/lib/stm32/common/usart_common_all.stm32f1
usart_disable_rx_interrupt                        libopencm3/lib/stm32/common/usart_common_all.stm32f1
usart_disable_tx_dma                              libopencm3/lib/stm32/common/usart_common_all.stm32f1
usart_disable_tx_interrupt                        libopencm3/lib/stm32/common/usart_common_all.stm32f1
usart_enable                                      libopencm3/lib/stm32/common/usart_common_all.stm32f1
usart_enable_error_interrupt                      libopencm3/lib/stm32/common/usart_common_all.stm32f1
usart_enable_rx_dma                               libopencm3/lib/stm32/common/usart_common_all.stm32f1
usart_enable_rx_interrupt                         libopencm3/lib/stm32/common/usart_common_all.stm32f1
usart_enable_tx_dma                               libopencm3/lib/stm32/common/usart_common_all.stm32f1
usart_enable_tx_interrupt                         libopencm3/lib/stm32/common/usart_common_all.stm32f1
usart_get_flag                                    libopencm3/lib/stm32/common/usart_common_f124.stm32f1
usart_get_interrupt_source                        libopencm3/lib/stm32/common/usart_common_f124.stm32f1
usart_recv                                        libopencm3/lib/stm32/common/usart_common_f124.stm32f1
                                                  libopencm3/lib/stm32/common/usart_common_all.stm32f1
usart_recv_blocking                               libopencm3/lib/stm32/common/usart_common_all.stm32f1
usart_send                                        libopencm3/lib/stm32/common/usart_common_f124.stm32f1
                                                  libopencm3/lib/stm32/common/usart_common_all.stm32f1
usart_send_blocking                               libopencm3/lib/stm32/common/usart_common_all.stm32f1
usart_set_baudrate                                libopencm3/lib/stm32/common/usart_common_all.stm32f1
usart_set_databits                                libopencm3/lib/stm32/common/usart_common_all.stm32f1
usart_set_flow_control                            libopencm3/lib/stm32/common/usart_common_all.stm32f1
usart_set_mode                                    libopencm3/lib/stm32/common/usart_common_all.stm32f1
usart_set_parity                                  libopencm3/lib/stm32/common/usart_common_all.stm32f1
usart_set_stopbits                                libopencm3/lib/stm32/common/usart_common_all.stm32f1
usart_wait_recv_ready                             libopencm3/lib/stm32/common/usart_common_f124.stm32f1
                                                  libopencm3/lib/stm32/common/usart_common_all.stm32f1
usart_wait_send_ready                             libopencm3/lib/stm32/common/usart_common_f124.stm32f1
                                                  libopencm3/lib/stm32/common/usart_common_all.stm32f1
usb_hp_can_tx_isr                                 libopencm3/lib/cm3/vector.stm32f1
usb_lp_can_rx0_isr                                example.vo
usb_wakeup_isr                                    libopencm3/lib/cm3/vector.stm32f1
vector_table                                      libopencm3/lib/cm3/vector.stm32f1
wwdg_isr                                          libopencm3/lib/cm3/vector.stm32f1
